Component: ARM Compiler 5.06 update 7 (build 960) Tool: armlink [4d3601]

==============================================================================

Section Cross References

    source.o(i.SysTick_Handler) refers to source.o(.data) for .data
    source.o(i.SysTick_Handler) refers to source.o(.constdata) for .constdata
    source.o(i.TIM14_IRQHandler) refers to i2c_controller.o(i._ZN13I2CController14TimeoutHandlerEv) for I2CController::TimeoutHandler()
    source.o(i.TIM14_IRQHandler) refers to source.o(.bss) for .bss
    source.o(i.TIM16_IRQHandler) refers to periph_use.o(i.GetTimCC) for GetTimCC
    source.o(i.TIM16_IRQHandler) refers to periph_use.o(i.ClearTimCCFlag) for ClearTimCCFlag
    source.o(i.TIM17_IRQHandler) refers to adc_controller.o(i._ZN13ADCController10ProcessAllEv) for ADCController::ProcessAll()
    source.o(i.TIM17_IRQHandler) refers to source.o(.bss) for .bss
    source.o(i._Z10InitButtonv) refers to stm32f0xx_ll_gpio.o(i.LL_GPIO_Init) for LL_GPIO_Init
    source.o(i._Z10InitHeaterv) refers to heater_controller.o(i._ZN16HeaterController4InitE18Heater_InitTypeDef) for HeaterController::Init(Heater_InitTypeDef)
    source.o(i._Z10InitHeaterv) refers to source.o(.bss) for .bss
    source.o(i._Z11InitEncoderv) refers to stm32f0xx_ll_gpio.o(i.LL_GPIO_Init) for LL_GPIO_Init
    source.o(i._Z11InitEncoderv) refers to stm32f0xx_ll_tim.o(i.LL_TIM_ENCODER_StructInit) for LL_TIM_ENCODER_StructInit
    source.o(i._Z11InitEncoderv) refers to stm32f0xx_ll_tim.o(i.LL_TIM_ENCODER_Init) for LL_TIM_ENCODER_Init
    source.o(i._Z11InitEncoderv) refers to stm32f0xx_ll_tim.o(i.LL_TIM_StructInit) for LL_TIM_StructInit
    source.o(i._Z11InitEncoderv) refers to stm32f0xx_ll_tim.o(i.LL_TIM_Init) for LL_TIM_Init
    source.o(i._Z11InitRotatorv) refers to stm32f0xx_ll_gpio.o(i.LL_GPIO_Init) for LL_GPIO_Init
    source.o(i._Z11InitSysTickv) refers to source.o(i._ZN30_INTERNAL_10_Source_cpp_heater23LL_SYSTICK_SetClkSourceEj) for [local to Source_cpp]::LL_SYSTICK_SetClkSource(unsigned)
    source.o(i._Z11InitSysTickv) refers to aeabi_sdiv.o(.text) for __aeabi_uidivmod
    source.o(i._Z11InitSysTickv) refers to system_stm32f0xx.o(.data) for SystemCoreClock
    source.o(i._Z11InitUpdaterv) refers to aeabi_sdiv.o(.text) for __aeabi_uidivmod
    source.o(i._Z11InitUpdaterv) refers to stm32f0xx_ll_tim.o(i.LL_TIM_Init) for LL_TIM_Init
    source.o(i._Z11InitUpdaterv) refers to periph_use.o(i.EnableTimIRQn) for EnableTimIRQn
    source.o(i._Z11InitUpdaterv) refers to system_stm32f0xx.o(.data) for SystemCoreClock
    source.o(i._Z14ProcessEncoderv) refers to dflti.o(.text) for __aeabi_i2d
    source.o(i._Z14ProcessEncoderv) refers to ddiv.o(.text) for __aeabi_ddiv
    source.o(i._Z14ProcessEncoderv) refers to daddsub.o(.text) for __aeabi_dadd
    source.o(i._Z14ProcessEncoderv) refers to deqf.o(x$fpl$deqf) for __aeabi_cdcmpeq
    source.o(i._Z14ProcessEncoderv) refers to source.o(.data) for .data
    source.o(i._Z14SetLowerStringv) refers to dfixui.o(.text) for __aeabi_d2uiz
    source.o(i._Z14SetLowerStringv) refers to dflti.o(.text) for __aeabi_ui2d
    source.o(i._Z14SetLowerStringv) refers to daddsub.o(.text) for __aeabi_drsub
    source.o(i._Z14SetLowerStringv) refers to dmul.o(.text) for __aeabi_dmul
    source.o(i._Z14SetLowerStringv) refers to aeabi_sdiv.o(.text) for __aeabi_uidivmod
    source.o(i._Z14SetLowerStringv) refers to source.o(i._Z7printerPcPKchh) for printer(char*, const char*, unsigned char, unsigned char)
    source.o(i._Z14SetLowerStringv) refers to source.o(.data) for .data
    source.o(i._Z14SetLowerStringv) refers to source.o(.bss) for .bss
    source.o(i._Z14SetLowerStringv) refers to source.o(.constdata) for .constdata
    source.o(i._Z14SetUpperStringv) refers to dfixui.o(.text) for __aeabi_d2uiz
    source.o(i._Z14SetUpperStringv) refers to dflti.o(.text) for __aeabi_ui2d
    source.o(i._Z14SetUpperStringv) refers to daddsub.o(.text) for __aeabi_drsub
    source.o(i._Z14SetUpperStringv) refers to dmul.o(.text) for __aeabi_dmul
    source.o(i._Z14SetUpperStringv) refers to aeabi_sdiv.o(.text) for __aeabi_uidivmod
    source.o(i._Z14SetUpperStringv) refers to source.o(i._Z7printerPcPKchh) for printer(char*, const char*, unsigned char, unsigned char)
    source.o(i._Z14SetUpperStringv) refers to source.o(.bss) for .bss
    source.o(i._Z6Redrawv) refers to lcd_controller.o(i._ZN13LCDController9SetCursorEhh) for LCDController::SetCursor(unsigned char, unsigned char)
    source.o(i._Z6Redrawv) refers to lcd_controller.o(i._ZN13LCDController10SendStringEPKc) for LCDController::SendString(const char*)
    source.o(i._Z6Redrawv) refers to source.o(.data) for .data
    source.o(i._Z6Redrawv) refers to source.o(.bss) for .bss
    source.o(i._Z7InitADCv) refers to rt_memcpy.o(.emb_text) for __aeabi_memcpy4
    source.o(i._Z7InitADCv) refers to adc_controller.o(i._ZN13ADCController7AddLineE10ADC_Struct) for ADCController::AddLine(ADC_Struct)
[...]
    i._ZN13ADCControllerC1Ev                 0x08002474   Section        0  adc_controller.o(i._ZN13ADCControllerC1Ev)
    i._ZN13ADCControllerD1Ev                 0x080024a8   Section        0  adc_controller.o(i._ZN13ADCControllerD1Ev)
    i._ZN13I2CController10SetTimeoutEv       0x080024aa   Section        0  i2c_controller.o(i._ZN13I2CController10SetTimeoutEv)
    i._ZN13I2CController10WriteBytesEhPhh    0x080024c8   Section        0  i2c_controller.o(i._ZN13I2CController10WriteBytesEhPhh)
    i._ZN13I2CController12ReadRegisterEhhh   0x080025b4   Section        0  i2c_controller.o(i._ZN13I2CController12ReadRegisterEhhh)
    i._ZN13I2CController13WriteRegisterEhhPhh 0x080026d4   Section        0  i2c_controller.o(i._ZN13I2CController13WriteRegisterEhhPhh)
    i._ZN13I2CController14TimeoutHandlerEv   0x080027aa   Section        0  i2c_controller.o(i._ZN13I2CController14TimeoutHandlerEv)
    i._ZN13I2CController4InitE21I2CController_TypeDef 0x080027b0   Section        0  i2c_controller.o(i._ZN13I2CController4InitE21I2CController_TypeDef)
    i._ZN13I2CController5AwaitEh             0x080027e2   Section        0  i2c_controller.o(i._ZN13I2CController5AwaitEh)
    i._ZN13I2CController7InitDMAEv           0x0800280a   Section        0  i2c_controller.o(i._ZN13I2CController7InitDMAEv)
    i._ZN13I2CController7InitI2CEv           0x0800280c   Section        0  i2c_controller.o(i._ZN13I2CController7InitI2CEv)
    i._ZN13I2CController7InitTIMEv           0x08002860   Section        0  i2c_controller.o(i._ZN13I2CController7InitTIMEv)
    i._ZN13I2CController8InitGPIOEv          0x080028b4   Section        0  i2c_controller.o(i._ZN13I2CController8InitGPIOEv)
    i._ZN13I2CController9SoftResetEv         0x080028ea   Section        0  i2c_controller.o(i._ZN13I2CController9SoftResetEv)
    i._ZN13I2CControllerC1Ev                 0x0800290a   Section        0  i2c_controller.o(i._ZN13I2CControllerC1Ev)
    i._ZN13I2CControllerD1Ev                 0x0800290c   Section        0  i2c_controller.o(i._ZN13I2CControllerD1Ev)
    i._ZN13LCDController10SendStringEPKc     0x0800290e   Section        0  lcd_controller.o(i._ZN13LCDController10SendStringEPKc)
    i._ZN13LCDController11SendCommandEh      0x08002926   Section        0  lcd_controller.o(i._ZN13LCDController11SendCommandEh)
    i._ZN13LCDController12SendInternalEhh    0x08002930   Section        0  lcd_controller.o(i._ZN13LCDController12SendInternalEhh)
    i._ZN13LCDController4HomeEv              0x0800296e   Section        0  lcd_controller.o(i._ZN13LCDController4HomeEv)
    i._ZN13LCDController4InitEP13I2CControllerh 0x08002978   Section        0  lcd_controller.o(i._ZN13LCDController4InitEP13I2CControllerh)
    i._ZN13LCDController5ClearEv             0x0800299e   Section        0  lcd_controller.o(i._ZN13LCDController5ClearEv)
    i._ZN13LCDController8SendDataEh          0x080029a8   Section        0  lcd_controller.o(i._ZN13LCDController8SendDataEh)
    i._ZN13LCDController9SetCursorEhh        0x080029b2   Section        0  lcd_controller.o(i._ZN13LCDController9SetCursorEhh)
    i._ZN13LCDControllerC1Ev                 0x080029c4   Section        0  lcd_controller.o(i._ZN13LCDControllerC1Ev)
    i._ZN13LCDControllerD1Ev                 0x080029c6   Section        0  lcd_controller.o(i._ZN13LCDControllerD1Ev)
    i._ZN13PIDController4InitE15PID_InitTypeDef 0x080029c8   Section        0  pid_controller.o(i._ZN13PIDController4InitE15PID_InitTypeDef)
    i._ZN13PIDControllerC1Ev                 0x080029ee   Section        0  pid_controller.o(i._ZN13PIDControllerC1Ev)
    i._ZN13PIDControllerD1Ev                 0x080029f0   Section        0  pid_controller.o(i._ZN13PIDControllerD1Ev)
    i._ZN16HeaterController16SetHeaterPercentEh 0x080029f4   Section        0  heater_controller.o(i._ZN16HeaterController16SetHeaterPercentEh)
    i._ZN16HeaterController4InitE18Heater_InitTypeDef 0x08002a44   Section        0  heater_controller.o(i._ZN16HeaterController4InitE18Heater_InitTypeDef)
    i._ZN16HeaterController7InitTIMEv        0x08002a68   Section        0  heater_controller.o(i._ZN16HeaterController7InitTIMEv)
    i._ZN16HeaterController8InitGPIOEv       0x08002b50   Section        0  heater_controller.o(i._ZN16HeaterController8InitGPIOEv)
    i._ZN16HeaterControllerC1Ev              0x08002b82   Section        0  heater_controller.o(i._ZN16HeaterControllerC1Ev)
    i._ZN16HeaterControllerD1Ev              0x08002b84   Section        0  heater_controller.o(i._ZN16HeaterControllerD1Ev)
    i._ZN30_INTERNAL_10_Source_cpp_heater22LL_RCC_SetSysClkSourceEj 0x08002b88   Section        0  source.o(i._ZN30_INTERNAL_10_Source_cpp_heater22LL_RCC_SetSysClkSourceEj)
    [local to Source_cpp]::LL_RCC_SetSysClkSource(unsigned) 0x08002b89   Thumb Code    14  source.o(i._ZN30_INTERNAL_10_Source_cpp_heater22LL_RCC_SetSysClkSourceEj)
    i._ZN30_INTERNAL_10_Source_cpp_heater23LL_SYSTICK_SetClkSourceEj 0x08002b9c   Section        0  source.o(i._ZN30_INTERNAL_10_Source_cpp_heater23LL_SYSTICK_SetClkSourceEj)
    [local to Source_cpp]::LL_SYSTICK_SetClkSource(unsigned) 0x08002b9d   Thumb Code    24  source.o(i._ZN30_INTERNAL_10_Source_cpp_heater23LL_SYSTICK_SetClkSourceEj)
    i._ZN34_INTERNAL_12_periph_use_c_bc31dc3316__NVIC_EnableIRQE9IRQn_Type 0x08002bb8   Section        0  periph_use.o(i._ZN34_INTERNAL_12_periph_use_c_bc31dc3316__NVIC_EnableIRQE9IRQn_Type)
    [local to periph_use_c]::__NVIC_EnableIRQ(IRQn_Type) 0x08002bb9   Thumb Code    18  periph_use.o(i._ZN34_INTERNAL_12_periph_use_c_bc31dc3316__NVIC_EnableIRQE9IRQn_Type)
    i._ZN34_INTERNAL_12_periph_use_c_bc31dc3318__NVIC_SetPriorityE9IRQn_Typej 0x08002bd0   Section        0  periph_use.o(i._ZN34_INTERNAL_12_periph_use_c_bc31dc3318__NVIC_SetPriorityE9IRQn_Typej)
    [local to periph_use_c]::__NVIC_SetPriority(IRQn_Type, unsigned) 0x08002bd1   Thumb Code    60  periph_use.o(i._ZN34_INTERNAL_12_periph_use_c_bc31dc3318__NVIC_SetPriorityE9IRQn_Typej)
    i._ZN40_INTERNAL_18_i2c_controller_cpp_cd0ce90819LL_I2C_SetSlaveAddrEP11I2C_TypeDefj 0x08002c14   Section        0  i2c_controller.o(i._ZN40_INTERNAL_18_i2c_controller_cpp_cd0ce90819LL_I2C_SetSlaveAddrEP11I2C_TypeDefj)
    [local to i2c_controller_cpp]::LL_I2C_SetSlaveAddr(I2C_TypeDef*, unsigned) 0x08002c15   Thumb Code    12  i2c_controller.o(i._ZN40_INTERNAL_18_i2c_controller_cpp_cd0ce90819LL_I2C_SetSlaveAddrEP11I2C_TypeDefj)
    i._ZN40_INTERNAL_18_i2c_controller_cpp_cd0ce90821LL_I2C_ClearFlag_NACKEP11I2C_TypeDef 0x08002c20   Section        0  i2c_controller.o(i._ZN40_INTERNAL_18_i2c_controller_cpp_cd0ce90821LL_I2C_ClearFlag_NACKEP11I2C_TypeDef)
    [local to i2c_controller_cpp]::LL_I2C_ClearFlag_NACK(I2C_TypeDef*) 0x08002c21   Thumb Code    10  i2c_controller.o(i._ZN40_INTERNAL_18_i2c_controller_cpp_cd0ce90821LL_I2C_ClearFlag_NACKEP11I2C_TypeDef)
    i._ZN40_INTERNAL_18_i2c_controller_cpp_cd0ce90821LL_I2C_ClearFlag_STOPEP11I2C_TypeDef 0x08002c2a   Section        0  i2c_controller.o(i._ZN40_INTERNAL_18_i2c_controller_cpp_cd0ce90821LL_I2C_ClearFlag_STOPEP11I2C_TypeDef)
    [local to i2c_controller_cpp]::LL_I2C_ClearFlag_STOP(I2C_TypeDef*) 0x08002c2b   Thumb Code    10  i2c_controller.o(i._ZN40_INTERNAL_18_i2c_controller_cpp_cd0ce90821LL_I2C_ClearFlag_STOPEP11I2C_TypeDef)
    i._ZN40_INTERNAL_18_i2c_controller_cpp_cd0ce90822LL_I2C_SetTransferSizeEP11I2C_TypeDefj 0x08002c34   Section        0  i2c_controller.o(i._ZN40_INTERNAL_18_i2c_controller_cpp_cd0ce90822LL_I2C_SetTransferSizeEP11I2C_TypeDefj)
    [local to i2c_controller_cpp]::LL_I2C_SetTransferSize(I2C_TypeDef*, unsigned) 0x08002c35   Thumb Code    16  i2c_controller.o(i._ZN40_INTERNAL_18_i2c_controller_cpp_cd0ce90822LL_I2C_SetTransferSizeEP11I2C_TypeDefj)
    i._ZN40_INTERNAL_18_i2c_controller_cpp_cd0ce90823LL_I2C_IsActiveFlag_TXEEP11I2C_TypeDef 0x08002c44   Section        0  i2c_controller.o(i._ZN40_INTERNAL_18_i2c_controller_cpp_cd0ce90823LL_I2C_IsActiveFlag_TXEEP11I2C_TypeDef)
    [local to i2c_controller_cpp]::LL_I2C_IsActiveFlag_TXE(I2C_TypeDef*) 0x08002c45   Thumb Code     8  i2c_controller.o(i._ZN40_INTERNAL_18_i2c_controller_cpp_cd0ce90823LL_I2C_IsActiveFlag_TXEEP11I2C_TypeDef)
    i._ZN40_INTERNAL_18_i2c_controller_cpp_cd0ce90824LL_I2C_IsActiveFlag_BUSYEP11I2C_TypeDef 0x08002c4c   Section        0  i2c_controller.o(i._ZN40_INTERNAL_18_i2c_controller_cpp_cd0ce90824LL_I2C_IsActiveFlag_BUSYEP11I2C_TypeDef)
    [local to i2c_controller_cpp]::LL_I2C_IsActiveFlag_BUSY(I2C_TypeDef*) 0x08002c4d   Thumb Code     8  i2c_controller.o(i._ZN40_INTERNAL_18_i2c_controller_cpp_cd0ce90824LL_I2C_IsActiveFlag_BUSYEP11I2C_TypeDef)
    i._ZN40_INTERNAL_18_i2c_controller_cpp_cd0ce90824LL_I2C_IsActiveFlag_NACKEP11I2C_TypeDef 0x08002c54   Section        0  i2c_controller.o(i._ZN40_INTERNAL_18_i2c_controller_cpp_cd0ce90824LL_I2C_IsActiveFlag_NACKEP11I2C_TypeDef)
    [local to i2c_controller_cpp]::LL_I2C_IsActiveFlag_NACK(I2C_TypeDef*) 0x08002c55   Thumb Code     8  i2c_controller.o(i._ZN40_INTERNAL_18_i2c_controller_cpp_cd0ce90824LL_I2C_IsActiveFlag_NACKEP11I2C_TypeDef)
    i._ZN40_INTERNAL_18_i2c_controller_cpp_cd0ce90824LL_I2C_IsActiveFlag_STOPEP11I2C_TypeDef 0x08002c5c   Section        0  i2c_controller.o(i._ZN40_INTERNAL_18_i2c_controller_cpp_cd0ce90824LL_I2C_IsActiveFlag_STOPEP11I2C_TypeDef)
    [local to i2c_controller_cpp]::LL_I2C_IsActiveFlag_STOP(I2C_TypeDef*) 0x08002c5d   Thumb Code     8  i2c_controller.o(i._ZN40_INTERNAL_18_i2c_controller_cpp_cd0ce90824LL_I2C_IsActiveFlag_STOPEP11I2C_TypeDef)
    i._ZN40_INTERNAL_18_i2c_controller_cpp_cd0ce90824LL_I2C_IsActiveFlag_TXISEP11I2C_TypeDef 0x08002c64   Section        0  i2c_controller.o(i._ZN40_INTERNAL_18_i2c_controller_cpp_cd0ce90824LL_I2C_IsActiveFlag_TXISEP11I2C_TypeDef)
    [local to i2c_controller_cpp]::LL_I2C_IsActiveFlag_TXIS(I2C_TypeDef*) 0x08002c65   Thumb Code     8  i2c_controller.o(i._ZN40_INTERNAL_18_i2c_controller_cpp_cd0ce90824LL_I2C_IsActiveFlag_TXISEP11I2C_TypeDef)
    i._ZN40_INTERNAL_18_i2c_controller_cpp_cd0ce90825LL_I2C_SetTransferRequestEP11I2C_TypeDefj 0x08002c6c   Section        0  i2c_controller.o(i._ZN40_INTERNAL_18_i2c_controller_cpp_cd0ce90825LL_I2C_SetTransferRequestEP11I2C_TypeDefj)
    [local to i2c_controller_cpp]::LL_I2C_SetTransferRequest(I2C_TypeDef*, unsigned) 0x08002c6d   Thumb Code    14  i2c_controller.o(i._ZN40_INTERNAL_18_i2c_controller_cpp_cd0ce90825LL_I2C_SetTransferRequestEP11I2C_TypeDefj)
    i._ZN40_INTERNAL_18_i2c_controller_cpp_cd0ce90826LL_I2C_AcknowledgeNextDataEP11I2C_TypeDefj 0x08002c7a   Section        0  i2c_controller.o(i._ZN40_INTERNAL_18_i2c_controller_cpp_cd0ce90826LL_I2C_AcknowledgeNextDataEP11I2C_TypeDefj)
    [local to i2c_controller_cpp]::LL_I2C_AcknowledgeNextData(I2C_TypeDef*, unsigned) 0x08002c7b   Thumb Code    14  i2c_controller.o(i._ZN40_INTERNAL_18_i2c_controller_cpp_cd0ce90826LL_I2C_AcknowledgeNextDataEP11I2C_TypeDefj)
    i._ZN40_INTERNAL_18_i2c_controller_cpp_cd0ce90828LL_I2C_GenerateStopConditionEP11I2C_TypeDef 0x08002c88   Section        0  i2c_controller.o(i._ZN40_INTERNAL_18_i2c_controller_cpp_cd0ce90828LL_I2C_GenerateStopConditionEP11I2C_TypeDef)
    [local to i2c_controller_cpp]::LL_I2C_GenerateStopCondition(I2C_TypeDef*) 0x08002c89   Thumb Code    12  i2c_controller.o(i._ZN40_INTERNAL_18_i2c_controller_cpp_cd0ce90828LL_I2C_GenerateStopConditionEP11I2C_TypeDef)
    i._ZN40_INTERNAL_18_i2c_controller_cpp_cd0ce90829LL_I2C_GenerateStartConditionEP11I2C_TypeDef 0x08002c94   Section        0  i2c_controller.o(i._ZN40_INTERNAL_18_i2c_controller_cpp_cd0ce90829LL_I2C_GenerateStartConditionEP11I2C_TypeDef)
    [local to i2c_controller_cpp]::LL_I2C_GenerateStartCondition(I2C_TypeDef*) 0x08002c95   Thumb Code    12  i2c_controller.o(i._ZN40_INTERNAL_18_i2c_controller_cpp_cd0ce90829LL_I2C_GenerateStartConditionEP11I2C_TypeDef)
    i._ZN40_INTERNAL_18_stm32f0xx_ll_tim_c_d1be445c9OC1ConfigEP11TIM_TypeDefP21LL_TIM_OC_InitTypeDef 0x08002ca0   Section        0  stm32f0xx_ll_tim.o(i._ZN40_INTERNAL_18_stm32f0xx_ll_tim_c_d1be445c9OC1ConfigEP11TIM_TypeDefP21LL_TIM_OC_InitTypeDef)
    [local to stm32f0xx_ll_tim_c]::OC1Config(TIM_TypeDef*, LL_TIM_OC_InitTypeDef*) 0x08002ca1   Thumb Code   118  stm32f0xx_ll_tim.o(i._ZN40_INTERNAL_18_stm32f0xx_ll_tim_c_d1be445c9OC1ConfigEP11TIM_TypeDefP21LL_TIM_OC_InitTypeDef)
    i._ZN40_INTERNAL_18_stm32f0xx_ll_tim_c_d1be445c9OC2ConfigEP11TIM_TypeDefP21LL_TIM_OC_InitTypeDef 0x08002d24   Section        0  stm32f0xx_ll_tim.o(i._ZN40_INTERNAL_18_stm32f0xx_ll_tim_c_d1be445c9OC2ConfigEP11TIM_TypeDefP21LL_TIM_OC_InitTypeDef)
    [local to stm32f0xx_ll_tim_c]::OC2Config(TIM_TypeDef*, LL_TIM_OC_InitTypeDef*) 0x08002d25   Thumb Code   128  stm32f0xx_ll_tim.o(i._ZN40_INTERNAL_18_stm32f0xx_ll_tim_c_d1be445c9OC2ConfigEP11TIM_TypeDefP21LL_TIM_OC_InitTypeDef)
    i._ZN40_INTERNAL_18_stm32f0xx_ll_tim_c_d1be445c9OC3ConfigEP11TIM_TypeDefP21LL_TIM_OC_InitTypeDef 0x08002db0   Section        0  stm32f0xx_ll_tim.o(i._ZN40_INTERNAL_18_stm32f0xx_ll_tim_c_d1be445c9OC3ConfigEP11TIM_TypeDefP21LL_TIM_OC_InitTypeDef)
    [local to stm32f0xx_ll_tim_c]::OC3Config(TIM_TypeDef*, LL_TIM_OC_InitTypeDef*) 0x08002db1   Thumb Code   128  stm32f0xx_ll_tim.o(i._ZN40_INTERNAL_18_stm32f0xx_ll_tim_c_d1be445c9OC3ConfigEP11TIM_TypeDefP21LL_TIM_OC_InitTypeDef)
    i._ZN40_INTERNAL_18_stm32f0xx_ll_tim_c_d1be445c9OC4ConfigEP11TIM_TypeDefP21LL_TIM_OC_InitTypeDef 0x08002e3c   Section        0  stm32f0xx_ll_tim.o(i._ZN40_INTERNAL_18_stm32f0xx_ll_tim_c_d1be445c9OC4ConfigEP11TIM_TypeDefP21LL_TIM_OC_InitTypeDef)
    [local to stm32f0xx_ll_tim_c]::OC4Config(TIM_TypeDef*, LL_TIM_OC_InitTypeDef*) 0x08002e3d   Thumb Code    98  stm32f0xx_ll_tim.o(i._ZN40_INTERNAL_18_stm32f0xx_ll_tim_c_d1be445c9OC4ConfigEP11TIM_TypeDefP21LL_TIM_OC_InitTypeDef)
    i._ZN6HTS22111CheckDeviceEv              0x08002eac   Section        0  hts221.o(i._ZN6HTS22111CheckDeviceEv)
    i._ZN6HTS22111SetupDeviceEv              0x08002ee2   Section        0  hts221.o(i._ZN6HTS22111SetupDeviceEv)
    i._ZN6HTS2214InitEP13I2CController       0x080030f8   Section        0  hts221.o(i._ZN6HTS2214InitEP13I2CController)
    i._ZN6HTS2217ProcessEv                   0x0800310c   Section        0  hts221.o(i._ZN6HTS2217ProcessEv)
    i._ZN6HTS2218CountHumEv                  0x08003190   Section        0  hts221.o(i._ZN6HTS2218CountHumEv)
    i._ZN6HTS2219CountTempEv                 0x08003268   Section        0  hts221.o(i._ZN6HTS2219CountTempEv)
    i._ZN6HTS2219SetHeaterEb                 0x080032de   Section        0  hts221.o(i._ZN6HTS2219SetHeaterEb)
    i._ZdaPv                                 0x08003320   Section        0  array_del.o(i._ZdaPv)
    i._ZdlPv                                 0x08003328   Section        0  delete.o(i._ZdlPv)
    i._Znaj                                  0x08003330   Section        0  array_new.o(i._Znaj)
    i._Znwj                                  0x08003338   Section        0  new.o(i._Znwj)
    i.__ARM_common_switch8                   0x08003360   Section        0  periph_use.o(i.__ARM_common_switch8)
    i.__kernel_poly                          0x0800337a   Section        0  poly.o(i.__kernel_poly)
    i.__mathlib_dbl_divzero                  0x08003428   Section        0  dunder.o(i.__mathlib_dbl_divzero)
    i.__mathlib_dbl_infnan                   0x0800343c   Section        0  dunder.o(i.__mathlib_dbl_infnan)
    i.__mathlib_dbl_invalid                  0x08003446   Section        0  dunder.o(i.__mathlib_dbl_invalid)
    i.__sti___10_Source_cpp_heater           0x08003458   Section        0  source.o(i.__sti___10_Source_cpp_heater)
    __sti___10_Source_cpp_heater             0x08003459   Thumb Code    80  source.o(i.__sti___10_Source_cpp_heater)
    i.log                                    0x080034c8   Section        0  log.o(i.log)
    i.main                                   0x0800381c   Section        0  source.o(i.main)
    x$fpl$deqf                               0x08003a24   Section      100  deqf.o(x$fpl$deqf)
    x$fpl$dleqf                              0x08003a88   Section      100  dlef.o(x$fpl$dleqf)
    x$fpl$drleqf                             0x08003aec   Section      104  drlef.o(x$fpl$drleqf)
    .constdata                               0x08003b54   Section       12  source.o(.constdata)
    x$fpl$usenofp                            0x08003b54   Section        0  usenofp.o(x$fpl$usenofp)
    update_hours                             0x08003b54   Data          12  source.o(.constdata)
    .constdata                               0x08003b60   Section       14  heater_controller.o(.constdata)
    OFFSET_TAB_CCMRx                         0x08003b60   Data           7  heater_controller.o(.constdata)
    SHIFT_TAB_OCxx                           0x08003b67   Data           7  heater_controller.o(.constdata)
    .constdata                               0x08003b70   Section       56  adc_controller.o(.constdata)
    CHANNEL_OFFSET_TAB                       0x08003b70   Data           5  adc_controller.o(.constdata)
    channel_mapping                          0x08003b78   Data          48  adc_controller.o(.constdata)
    .constdata                               0x08003ba8   Section       16  system_stm32f0xx.o(.constdata)
    .constdata                               0x08003bb8   Section        5  stm32f0xx_ll_dma.o(.constdata)
    CHANNEL_OFFSET_TAB                       0x08003bb8   Data           5  stm32f0xx_ll_dma.o(.constdata)
    .constdata                               0x08003bbd   Section      128  ddiv.o(.constdata)
    ddiv_reciptbl                            0x08003bbd   Data         128  ddiv.o(.constdata)
    .constdata                               0x08003c40   Section       56  log.o(.constdata)
    Lg2                                      0x08003c40   Data          24  log.o(.constdata)
    Lg                                       0x08003c58   Data          32  log.o(.constdata)
    .constdata                               0x08003c78   Section        8  qnan.o(.constdata)
    .init_array                              0x08003ca0   Section        4  source.o(.init_array)
    .init_array                              0x08003ca4   Section        0  init_aeabi.o(.init_array)
    .data                                    0x20000000   Section       56  source.o(.data)
    .data                                    0x20000038   Section        4  system_stm32f0xx.o(.data)
    .bss                                     0x20000040   Section      320  source.o(.bss)
    .bss                                     0x20000180   Section       96  libspace.o(.bss)
    HEAP                                     0x200001e0   Section      512  startup_stm32f030x6.o(HEAP)
    Heap_Mem                                 0x200001e0   Data         512  startup_stm32f030x6.o(HEAP)
    STACK                                    0x200003e0   Section     1024  startup_stm32f030x6.o(STACK)
    Stack_Mem                                0x200003e0   Data        1024  startup_stm32f030x6.o(STACK)
    __initial_sp                             0x200007e0   Data           0  startup_stm32f030x6.o(STACK)

    Global Symbols

    Symbol Name                              Value     Ov Type        Size  Object(Section)

    BuildAttributes$$THM_ISAv3M$S$PE$A:L22$X:L11$S22$IEEE1$IW$USESV6$~STKCKD$USESV7$~SHL$OTIME$ROPI$IEEEX$EBA8$UX$STANDARDLIB$REQ8$PRES8$EABIv2 0x00000000   Number         0  anon$$obj.o ABSOLUTE
    __ARM_use_no_argv                        0x00000000   Number         0  source.o ABSOLUTE
    SHT$$ARM_EXIDX$$Base                      - Undefined Reference
    SHT$$ARM_EXIDX$$Limit                     - Undefined Reference
    __ARM::default_unexpected_handler()       - Undefined Weak Reference
    __ARM_exceptions_buffer_required          - Undefined Weak Reference
    __ARM_exceptions_init                     - Undefined Weak Reference
    __aeabi_unwind_cpp_pr1                    - Undefined Weak Reference
    __aeabi_unwind_cpp_pr2                    - Undefined Weak Reference
    __alloca_initialize                       - Undefined Weak Reference
    __arm_fini_                               - Undefined Weak Reference
    __arm_preinit_                            - Undefined Weak Reference
    __cxa_begin_cleanup                       - Undefined Weak Reference
    __cxa_type_match                          - Undefined Weak Reference
    __rt_locale                               - Undefined Weak Reference
    __sigvec_lookup                           - Undefined Weak Reference
    __user_heap_extent                        - Undefined Weak Reference
    _atexit_init                              - Undefined Weak Reference
    _call_atexit_fns                          - Undefined Weak Reference
    _clock_init                               - Undefined Weak Reference
    _fp_trap_init                             - Undefined Weak Reference
    _fp_trap_shutdown                         - Undefined Weak Reference
    _get_lc_collate                           - Undefined Weak Reference
    _get_lc_ctype                             - Undefined Weak Reference
    _get_lc_monetary                          - Undefined Weak Reference
    _get_lc_numeric                           - Undefined Weak Reference
    _get_lc_time                              - Undefined Weak Reference
    _getenv_init                              - Undefined Weak Reference
    _handle_redirection                       - Undefined Weak Reference
    _initio                                   - Undefined Weak Reference
    _mutex_acquire                            - Undefined Weak Reference
    _mutex_free                               - Undefined Weak Reference
    _mutex_release                            - Undefined Weak Reference
    _rand_init                                - Undefined Weak Reference
    _signal_finish                            - Undefined Weak Reference
    _signal_init                              - Undefined Weak Reference
    _terminateio                              - Undefined Weak Reference
    __Vectors_Size                           0x000000b0   Number         0  startup_stm32f030x6.o ABSOLUTE
    __Vectors                                0x08000000   Data           4  startup_stm32f030x6.o(RESET)
    __dso_handle                             0x08000000   Number         0  startup_stm32f030x6.o(RESET)
    __Vectors_End                            0x080000b0   Data           0  startup_stm32f030x6.o(RESET)
    __main                                   0x080000b1   Thumb Code     8  __main.o(!!!main)
    __scatterload                            0x080000b9   Thumb Code     0  __scatter.o(!!!scatter)
    __scatterload_rt2                        0x080000b9   Thumb Code    52  __scatter.o(!!!scatter)
    __scatterload_rt2_thumb_only             0x080000b9   Thumb Code     0  __scatter.o(!!!scatter)
    __scatterload_null                       0x080000c9   Thumb Code     0  __scatter.o(!!!scatter)
    __scatterload_copy                       0x080000f5   Thumb Code    26  __scatter_copy.o(!!handler_copy)
    __scatterload_zeroinit                   0x08000111   Thumb Code    28  __scatter_zi.o(!!handler_zi)
    __rt_lib_init                            0x0800012d   Thumb Code     0  libinit.o(.ARM.Collect$$libinit$$00000000)
    __rt_lib_init_fp_1                       0x0800012f   Thumb Code     0  libinit2.o(.ARM.Collect$$libinit$$00000002)
    __rt_lib_init_heap_2                     0x0800012f   Thumb Code     0  libinit2.o(.ARM.Collect$$libinit$$00000005)
    __rt_lib_init_preinit_1                  0x0800012f   Thumb Code     0  libinit2.o(.ARM.Collect$$libinit$$00000004)
    __rt_lib_init_alloca_1                   0x08000137   Thumb Code     0  libinit2.o(.ARM.Collect$$libinit$$0000002E)
    __rt_lib_init_argv_1                     0x08000137   Thumb Code     0  libinit2.o(.ARM.Collect$$libinit$$0000002C)
    __rt_lib_init_atexit_1                   0x08000137   Thumb Code     0  libinit2.o(.ARM.Collect$$libinit$$0000001B)
    __rt_lib_init_clock_1                    0x08000137   Thumb Code     0  libinit2.o(.ARM.Collect$$libinit$$00000021)
    __rt_lib_init_cpp_2                      0x08000137   Thumb Code     0  libinit2.o(.ARM.Collect$$libinit$$00000031)
    __rt_lib_init_exceptions_1               0x08000137   Thumb Code     0  libinit2.o(.ARM.Collect$$libinit$$00000030)
    __rt_lib_init_fp_trap_1                  0x08000137   Thumb Code     0  libinit2.o(.ARM.Collect$$libinit$$0000001F)
    __rt_lib_init_getenv_1                   0x08000137   Thumb Code     0  libinit2.o(.ARM.Collect$$libinit$$00000023)
    __rt_lib_init_heap_1                     0x08000137   Thumb Code     0  libinit2.o(.ARM.Collect$$libinit$$0000000A)
    __rt_lib_init_lc_collate_1               0x08000137   Thumb Code     0  libinit2.o(.ARM.Collect$$libinit$$00000011)
    __rt_lib_init_lc_ctype_1                 0x08000137   Thumb Code     0  libinit2.o(.ARM.Collect$$libinit$$00000013)
    __rt_lib_init_lc_monetary_1              0x08000137   Thumb Code     0  libinit2.o(.ARM.Collect$$libinit$$00000015)
    __rt_lib_init_lc_numeric_1               0x08000137   Thumb Code     0  libinit2.o(.ARM.Collect$$libinit$$00000017)
    __rt_lib_init_lc_time_1                  0x08000137   Thumb Code     0  libinit2.o(.ARM.Collect$$libinit$$00000019)
    __rt_lib_init_rand_1                     0x08000137   Thumb Code     0  libinit2.o(.ARM.Collect$$libinit$$0000000E)
    __rt_lib_init_signal_1                   0x08000137   Thumb Code     0  libinit2.o(.ARM.Collect$$libinit$$0000001D)
    __rt_lib_init_stdio_1                    0x08000137   Thumb Code     0  libinit2.o(.ARM.Collect$$libinit$$00000025)
    __rt_lib_init_user_alloc_1               0x08000137   Thumb Code     0  libinit2.o(.ARM.Collect$$libinit$$0000000C)
    __rt_lib_init_cpp_1                      0x0800013b   Thumb Code     0  libinit2.o(.ARM.Collect$$libinit$$00000032)
    __rt_lib_init_return                     0x0800013b   Thumb Code     0  libinit2.o(.ARM.Collect$$libinit$$00000033)
    __rt_lib_shutdown                        0x0800013d   Thumb Code     0  libshutdown.o(.ARM.Collect$$libshutdown$$00000000)
    __rt_lib_shutdown_cpp_2                  0x0800013f   Thumb Code     0  libshutdown2.o(.ARM.Collect$$libshutdown$$00000003)
    __rt_lib_shutdown_fini_1                 0x0800013f   Thumb Code     0  libshutdown2.o(.ARM.Collect$$libshutdown$$00000002)
    __rt_lib_shutdown_cpp_1                  0x08000145   Thumb Code     0  libshutdown2.o(.ARM.Collect$$libshutdown$$00000004)
    __rt_lib_shutdown_fp_trap_1              0x08000145   Thumb Code     0  libshutdown2.o(.ARM.Collect$$libshutdown$$00000009)
    __rt_lib_shutdown_heap_1                 0x08000145   Thumb Code     0  libshutdown2.o(.ARM.Collect$$libshutdown$$00000011)
    __rt_lib_shutdown_return                 0x08000145   Thumb Code     0  libshutdown2.o(.ARM.Collect$$libshutdown$$00000012)
    __rt_lib_shutdown_signal_1               0x08000145   Thumb Code     0  libshutdown2.o(.ARM.Collect$$libshutdown$$0000000C)
    __rt_lib_shutdown_stdio_1                0x08000145   Thumb Code     0  libshutdown2.o(.ARM.Collect$$libshutdown$$00000006)
    __rt_lib_shutdown_user_alloc_1           0x08000145   Thumb Code     0  libshutdown2.o(.ARM.Collect$$libshutdown$$0000000E)
    __rt_entry                               0x08000147   Thumb Code     0  __rtentry.o(.ARM.Collect$$rtentry$$00000000)
    __rt_entry_presh_1                       0x08000147   Thumb Code     0  __rtentry2.o(.ARM.Collect$$rtentry$$00000002)
    __rt_entry_sh                            0x08000147   Thumb Code     0  __rtentry4.o(.ARM.Collect$$rtentry$$00000004)
    __rt_entry_li                            0x0800014d   Thumb Code     0  __rtentry2.o(.ARM.Collect$$rtentry$$0000000A)
    __rt_entry_postsh_1                      0x0800014d   Thumb Code     0  __rtentry2.o(.ARM.Collect$$rtentry$$00000009)
    __rt_entry_main                          0x08000151   Thumb Code     0  __rtentry2.o(.ARM.Collect$$rtentry$$0000000D)
    __rt_entry_postli_1                      0x08000151   Thumb Code     0  __rtentry2.o(.ARM.Collect$$rtentry$$0000000C)
    __rt_exit                                0x08000159   Thumb Code     0  rtexit.o(.ARM.Collect$$rtexit$$00000000)
    __rt_exit_ls                             0x0800015b   Thumb Code     0  rtexit2.o(.ARM.Collect$$rtexit$$00000003)
    __rt_exit_prels_1                        0x0800015b   Thumb Code     0  rtexit2.o(.ARM.Collect$$rtexit$$00000002)
    __rt_exit_exit                           0x0800015f   Thumb Code     0  rtexit2.o(.ARM.Collect$$rtexit$$00000004)
    __aeabi_memcpy4                          0x08000165   Thumb Code    56  rt_memcpy.o(.emb_text)
    __aeabi_memcpy8                          0x08000165   Thumb Code     0  rt_memcpy.o(.emb_text)
    Reset_Handler                            0x0800019d   Thumb Code     8  startup_stm32f030x6.o(.text)
    _maybe_terminate_alloc                   0x0800019d   Thumb Code     0  maybetermalloc1.o(.emb_text)
    NMI_Handler                              0x080001a5   Thumb Code     2  startup_stm32f030x6.o(.text)
    HardFault_Handler                        0x080001a7   Thumb Code     2  startup_stm32f030x6.o(.text)
    SVC_Handler                              0x080001a9   Thumb Code     2  startup_stm32f030x6.o(.text)
    PendSV_Handler                           0x080001ab   Thumb Code     2  startup_stm32f030x6.o(.text)
    ADC1_IRQHandler                          0x080001af   Thumb Code     0  startup_stm32f030x6.o(.text)
    DMA1_Channel1_IRQHandler                 0x080001af   Thumb Code     0  startup_stm32f030x6.o(.text)
    DMA1_Channel2_3_IRQHandler               0x080001af   Thumb Code     0  startup_stm32f030x6.o(.text)
    DMA1_Channel4_5_IRQHandler               0x080001af   Thumb Code     0  startup_stm32f030x6.o(.text)
    EXTI0_1_IRQHandler                       0x080001af   Thumb Code     0  startup_stm32f030x6.o(.text)
    EXTI2_3_IRQHandler                       0x080001af   Thumb Code     0  startup_stm32f030x6.o(.text)
    EXTI4_15_IRQHandler                      0x080001af   Thumb Code     0  startup_stm32f030x6.o(.text)
    FLASH_IRQHandler                         0x080001af   Thumb Code     0  startup_stm32f030x6.o(.text)
    I2C1_IRQHandler                          0x080001af   Thumb Code     0  startup_stm32f030x6.o(.text)
    RCC_IRQHandler                           0x080001af   Thumb Code     0  startup_stm32f030x6.o(.text)
    RTC_IRQHandler                           0x080001af   Thumb Code     0  startup_stm32f030x6.o(.text)
    SPI1_IRQHandler                          0x080001af   Thumb Code     0  startup_stm32f030x6.o(.text)
    TIM1_BRK_UP_TRG_COM_IRQHandler           0x080001af   Thumb Code     0  startup_stm32f030x6.o(.text)
    TIM1_CC_IRQHandler                       0x080001af   Thumb Code     0  startup_stm32f030x6.o(.text)
    TIM3_IRQHandler                          0x080001af   Thumb Code     0  startup_stm32f030x6.o(.text)
    USART1_IRQHandler                        0x080001af   Thumb Code     0  startup_stm32f030x6.o(.text)
    WWDG_IRQHandler                          0x080001af   Thumb Code     0  startup_stm32f030x6.o(.text)
    __user_initial_stackheap                 0x080001b1   Thumb Code     0  startup_stm32f030x6.o(.text)
    __aeabi_atexit                           0x080001d5   Thumb Code    42  aeabi_atexit.o(.text)
    __aeabi_uidiv                            0x080001ff   Thumb Code     0  aeabi_sdiv.o(.text)
    __aeabi_uidivmod                         0x080001ff   Thumb Code    20  aeabi_sdiv.o(.text)
    __aeabi_idiv                             0x08000213   Thumb Code     0  aeabi_sdiv.o(.text)
    __aeabi_idivmod                          0x08000213   Thumb Code   326  aeabi_sdiv.o(.text)
    __use_two_region_memory                  0x08000359   Thumb Code     2  heapauxi.o(.text)
    __rt_heap_escrow                         0x0800035b   Thumb Code     2  heapauxi.o(.text)
    __rt_heap_expand                         0x0800035d   Thumb Code     2  heapauxi.o(.text)
    __cpp_initialize__aeabi_                 0x08000361   Thumb Code    26  init_aeabi.o(.text)
    __aeabi_dadd                             0x0800067d   Thumb Code     0  daddsub.o(.text)
    _dadd                                    0x0800067d   Thumb Code    26  daddsub.o(.text)
    __aeabi_dsub                             0x08000697   Thumb Code     0  daddsub.o(.text)
    _dsub                                    0x08000697   Thumb Code    22  daddsub.o(.text)
    __aeabi_drsub                            0x080006ad   Thumb Code     0  daddsub.o(.text)
    _drsb                                    0x080006ad   Thumb Code    28  daddsub.o(.text)
    __aeabi_ddiv                             0x080006dd   Thumb Code     0  ddiv.o(.text)
    _ddiv                                    0x080006dd   Thumb Code  1072  ddiv.o(.text)
    _drdiv                                   0x08000b0d   Thumb Code    20  ddiv.o(.text)
    __aeabi_d2uiz                            0x08000b25   Thumb Code     0  dfixui.o(.text)
    _dfixu                                   0x08000b25   Thumb Code    68  dfixui.o(.text)
    __aeabi_i2d_normalise                    0x08000b6d   Thumb Code    66  dflti.o(.text)
    __aeabi_i2d                              0x08000baf   Thumb Code    16  dflti.o(.text)
    _dflt                                    0x08000baf   Thumb Code     0  dflti.o(.text)
    __aeabi_ui2d                             0x08000bbf   Thumb Code     6  dflti.o(.text)
    _dfltu                                   0x08000bbf   Thumb Code     0  dflti.o(.text)
    __aeabi_dmul                             0x08000bc5   Thumb Code     0  dmul.o(.text)
    _dmul                                    0x08000bc5   Thumb Code   558  dmul.o(.text)
    __ARM_scalbn                             0x08000e0d   Thumb Code    84  dscalbn.o(.text)
    __rt_ddtor_pointer_addr                  0x08000e6d   Thumb Code     8  rt_ddtor_pointer_addr_intlibspace.o(.text)
    malloc                                   0x08000e75   Thumb Code    98  h1_alloc.o(.text)
    __read_errno                             0x08000ed7   Thumb Code    10  _rserrno.o(.text)
    __set_errno                              0x08000ee1   Thumb Code    12  _rserrno.o(.text)
    __cxa_finalize                           0x08000eed   Thumb Code    66  cxa_finalize.o(.text)
    __fpl_dcmp_InfNaN                        0x08000f31   Thumb Code   140  dcmpin.o(.text)
    __user_libspace                          0x08000fc1   Thumb Code     8  libspace.o(.text)
    __user_perproc_libspace                  0x08000fc1   Thumb Code     0  libspace.o(.text)
    __user_perthread_libspace                0x08000fc1   Thumb Code     0  libspace.o(.text)
    __rt_heap_descriptor                     0x08000fc9   Thumb Code     8  rt_heap_descriptor_intlibspace.o(.text)
    __rt_new_handler_addr                    0x08000fd1   Thumb Code     8  rt_new_handler_addr_intlibspace.o(.text)
    __aeabi_errno_addr                       0x08000fd9   Thumb Code     8  rt_errno_addr_intlibspace.o(.text)
    __errno$intlibspace                      0x08000fd9   Thumb Code     0  rt_errno_addr_intlibspace.o(.text)
    __rt_errno_addr$intlibspace              0x08000fd9   Thumb Code     0  rt_errno_addr_intlibspace.o(.text)
    __use_no_heap                            0x08000fe1   Thumb Code     2  hguard.o(.text)
    __heap$guard                             0x08000fe3   Thumb Code     2  hguard.o(.text)
    _terminate_user_alloc                    0x08000fe5   Thumb Code     2  init_alloc.o(.text)
    _init_user_alloc                         0x08000fe7   Thumb Code     2  init_alloc.o(.text)
    __Heap_Full                              0x08000fe9   Thumb Code    32  init_alloc.o(.text)
    __Heap_Broken                            0x08001009   Thumb Code    10  init_alloc.o(.text)
    _init_alloc                              0x08001013   Thumb Code    90  init_alloc.o(.text)
    __Heap_Initialize                        0x0800106d   Thumb Code    10  h1_init.o(.text)
    __Heap_DescSize                          0x08001077   Thumb Code     4  h1_init.o(.text)
    free                                     0x0800107b   Thumb Code    76  h1_free.o(.text)
    __default_new_handler()                  0x080010c7   Thumb Code     8  arm_newhandler_noexceptions.o(.text)
    __fpl_cmpreturn                          0x080010cf   Thumb Code    46  cmpret.o(.text)
    __fpl_dcheck_NaN2                        0x080010fd   Thumb Code    14  dnan2.o(.text)
    __user_setup_stackheap                   0x08001111   Thumb Code    62  sys_stackheap_outer.o(.text)
    __Heap_ProvideMemory                     0x0800114f   Thumb Code    52  h1_extend.o(.text)
    exit                                     0x08001183   Thumb Code    16  exit.o(.text)
    __rt_SIGRTMEM                            0x08001193   Thumb Code    12  defsig_rtmem_outer.o(.text)
    std::terminate()                         0x0800119f   Thumb Code    28  arm_exceptions_terminate.o(.text)
    __fpl_return_NaN                         0x080011bb   Thumb Code    94  retnan.o(.text)
    __I$use$semihosting                      0x08001219   Thumb Code     0  use_no_semi.o(.text)
    __use_no_semihosting_swi                 0x08001219   Thumb Code     2  use_no_semi.o(.text)
    __semihosting_library_function           0x0800121b   Thumb Code     0  indicate_semi.o(.text)
    abort                                    0x0800121b   Thumb Code    20  abort.o(.text)
    __sig_exit                               0x0800122f   Thumb Code    12  defsig_exit.o(.text)
    __rt_SIGRTMEM_inner                      0x0800123d   Thumb Code    22  defsig_rtmem_inner.o(.text)
    __cxa_get_globals                        0x08001293   Thumb Code    66  arm_exceptions_globs.o(.text)
    _sys_exit                                0x080012e1   Thumb Code     8  sys_exit.o(.text)
    __rt_eh_globals_addr                     0x080012ed   Thumb Code     8  rt_eh_globals_addr_intlibspace.o(.text)
    __default_signal_display                 0x080012f5   Thumb Code    52  defsig_general.o(.text)
    __rt_SIGABRT                             0x08001329   Thumb Code    12  defsig_abrt_outer.o(.text)
    __ARM_exceptions_buffer_init             0x08001335   Thumb Code    18  arm_exceptions_mem.o(.text)
    __ARM_exceptions_buffer_allocate         0x08001347   Thumb Code    26  arm_exceptions_mem.o(.text)
    __ARM_exceptions_buffer_free             0x08001361   Thumb Code    22  arm_exceptions_mem.o(.text)
    _ttywrch                                 0x08001377   Thumb Code    12  sys_wrch.o(.text)
    __rt_SIGABRT_inner                       0x08001385   Thumb Code    14  defsig_abrt_inner.o(.text)
    ClearTimCCFlag                           0x080013b5   Thumb Code    46  periph_use.o(i.ClearTimCCFlag)
    EnableTimCCIRQn                          0x080013e3   Thumb Code    56  periph_use.o(i.EnableTimCCIRQn)
    EnableTimIRQn                            0x0800141d   Thumb Code   114  periph_use.o(i.EnableTimIRQn)
    GetTimCC                                 0x080014a5   Thumb Code    42  periph_use.o(i.GetTimCC)
    LL_ADC_Init                              0x080014d1   Thumb Code    40  stm32f0xx_ll_adc.o(i.LL_ADC_Init)
    LL_ADC_REG_Init                          0x080014fd   Thumb Code    48  stm32f0xx_ll_adc.o(i.LL_ADC_REG_Init)
    LL_DMA_Init                              0x08001531   Thumb Code    84  stm32f0xx_ll_dma.o(i.LL_DMA_Init)
    LL_GPIO_Init                             0x0800158d   Thumb Code   168  stm32f0xx_ll_gpio.o(i.LL_GPIO_Init)
    LL_I2C_Init                              0x08001635   Thumb Code   108  stm32f0xx_ll_i2c.o(i.LL_I2C_Init)
    LL_Init1msTick                           0x080016a1   Thumb Code    26  stm32f0xx_ll_utils.o(i.LL_Init1msTick)
    LL_SetSystemCoreClock                    0x080016c1   Thumb Code     6  stm32f0xx_ll_utils.o(i.LL_SetSystemCoreClock)
    LL_TIM_ENCODER_Init                      0x080016cd   Thumb Code    96  stm32f0xx_ll_tim.o(i.LL_TIM_ENCODER_Init)
    LL_TIM_ENCODER_StructInit                0x0800172d   Thumb Code    28  stm32f0xx_ll_tim.o(i.LL_TIM_ENCODER_StructInit)
    LL_TIM_Init                              0x08001749   Thumb Code    98  stm32f0xx_ll_tim.o(i.LL_TIM_Init)
    LL_TIM_OC_Init                           0x080017c1   Thumb Code    64  stm32f0xx_ll_tim.o(i.LL_TIM_OC_Init)
    LL_TIM_StructInit                        0x08001801   Thumb Code    16  stm32f0xx_ll_tim.o(i.LL_TIM_StructInit)
    SysTick_Handler                          0x08001811   Thumb Code   100  source.o(i.SysTick_Handler)
    SystemCoreClockUpdate                    0x08001889   Thumb Code   104  system_stm32f0xx.o(i.SystemCoreClockUpdate)
    SystemInit                               0x08001905   Thumb Code    78  system_stm32f0xx.o(i.SystemInit)
    TIM14_IRQHandler                         0x08001961   Thumb Code    18  source.o(i.TIM14_IRQHandler)
    TIM16_IRQHandler                         0x0800197d   Thumb Code    50  source.o(i.TIM16_IRQHandler)
    TIM17_IRQHandler                         0x080019b9   Thumb Code    18  source.o(i.TIM17_IRQHandler)
    InitButton()                             0x080019d5   Thumb Code    34  source.o(i._Z10InitButtonv)
    InitHeater()                             0x080019fd   Thumb Code    34  source.o(i._Z10InitHeaterv)
    InitPeriph()                             0x08001a2d   Thumb Code    58  source.o(i._Z10InitPeriphv)
    InitEncoder()                            0x08001a7d   Thumb Code    96  source.o(i._Z11InitEncoderv)
    InitRotator()                            0x08001ae1   Thumb Code    52  source.o(i._Z11InitRotatorv)
    InitSysTick()                            0x08001b15   Thumb Code    62  source.o(i._Z11InitSysTickv)
    InitUpdater()                            0x08001b65   Thumb Code    72  source.o(i._Z11InitUpdaterv)
    ProcessEncoder()                         0x08001bb5   Thumb Code    72  source.o(i._Z14ProcessEncoderv)
    SetLowerString()                         0x08001c09   Thumb Code   132  source.o(i._Z14SetLowerStringv)
    SetUpperString()                         0x08001cad   Thumb Code   170  source.o(i._Z14SetUpperStringv)
    Redraw()                                 0x08001d71   Thumb Code    42  source.o(i._Z6Redrawv)
    InitADC()                                0x08001da5   Thumb Code    70  source.o(i._Z7InitADCv)
    InitHTS()                                0x08001df5   Thumb Code    14  source.o(i._Z7InitHTSv)
    InitI2C()                                0x08001e09   Thumb Code    62  source.o(i._Z7InitI2Cv)
    InitPID()                                0x08001e59   Thumb Code    56  source.o(i._Z7InitPIDv)
    InitRCC()                                0x08001ea5   Thumb Code   128  source.o(i._Z7InitRCCv)
    printer(char*, const char*, unsigned char, unsigned char) 0x08001f31   Thumb Code    22  source.o(i._Z7printerPcPKchh)
    ADCController::InitMemory()              0x08001f47   Thumb Code    78  adc_controller.o(i._ZN13ADCController10InitMemoryEv)
    ADCController::ProcessAll()              0x08001f95   Thumb Code   468  adc_controller.o(i._ZN13ADCController10ProcessAllEv)
    ADCController::getMeasure(unsigned)      0x0800217d   Thumb Code    44  adc_controller.o(i._ZN13ADCController10getMeasureEj)
    ADCController::SwapChannels(unsigned char, unsigned char) 0x080021ad   Thumb Code    58  adc_controller.o(i._ZN13ADCController12SwapChannelsEhh)
    ADCController::Init(unsigned char)       0x080021e9   Thumb Code    50  adc_controller.o(i._ZN13ADCController4InitEh)
    ADCController::AddLine(ADC_Struct)       0x08002225   Thumb Code   114  adc_controller.o(i._ZN13ADCController7AddLineE10ADC_Struct)
    ADCController::InitDMA()                 0x0800229d   Thumb Code    86  adc_controller.o(i._ZN13ADCController7InitDMAEv)
    ADCController::InitGPIO()                0x08002301   Thumb Code    66  adc_controller.o(i._ZN13ADCController8InitGPIOEv)
    ADCController::InitLines()               0x08002345   Thumb Code   150  adc_controller.o(i._ZN13ADCController9InitLinesEv)
    ADCController::SortLines()               0x080023e9   Thumb Code   132  adc_controller.o(i._ZN13ADCController9SortLinesEv)
    ADCController::ADCController()           0x08002475   Thumb Code    34  adc_controller.o(i._ZN13ADCControllerC1Ev)
    ADCController::ADCController__sub_object() 0x08002475   Thumb Code     0  adc_controller.o(i._ZN13ADCControllerC1Ev)
    ADCController::~ADCController()          0x080024a9   Thumb Code     2  adc_controller.o(i._ZN13ADCControllerD1Ev)
    ADCController::~ADCController__sub_object() 0x080024a9   Thumb Code     0  adc_controller.o(i._ZN13ADCControllerD1Ev)
    I2CController::SetTimeout()              0x080024ab   Thumb Code    30  i2c_controller.o(i._ZN13I2CController10SetTimeoutEv)
    I2CController::WriteBytes(unsigned char, unsigned char*, unsigned char) 0x080024c9   Thumb Code   236  i2c_controller.o(i._ZN13I2CController10WriteBytesEhPhh)
    I2CController::ReadRegister(unsigned char, unsigned char, unsigned char) 0x080025b5   Thumb Code   288  i2c_controller.o(i._ZN13I2CController12ReadRegisterEhhh)
    I2CController::WriteRegister(unsigned char, unsigned char, unsigned char*, unsigned char) 0x080026d5   Thumb Code   214  i2c_controller.o(i._ZN13I2CController13WriteRegisterEhhPhh)
    I2CController::TimeoutHandler()          0x080027ab   Thumb Code     6  i2c_controller.o(i._ZN13I2CController14TimeoutHandlerEv)
    I2CController::Init(I2CController_TypeDef) 0x080027b1   Thumb Code    50  i2c_controller.o(i._ZN13I2CController4InitE21I2CController_TypeDef)
    I2CController::Await(unsigned char)      0x080027e3   Thumb Code    40  i2c_controller.o(i._ZN13I2CController5AwaitEh)
    I2CController::InitDMA()                 0x0800280b   Thumb Code     2  i2c_controller.o(i._ZN13I2CController7InitDMAEv)
    I2CController::InitI2C()                 0x0800280d   Thumb Code    78  i2c_controller.o(i._ZN13I2CController7InitI2CEv)
    I2CController::InitTIM()                 0x08002861   Thumb Code    80  i2c_controller.o(i._ZN13I2CController7InitTIMEv)
    I2CController::InitGPIO()                0x080028b5   Thumb Code    54  i2c_controller.o(i._ZN13I2CController8InitGPIOEv)
    I2CController::SoftReset()               0x080028eb   Thumb Code    32  i2c_controller.o(i._ZN13I2CController9SoftResetEv)
    I2CController::I2CController()           0x0800290b   Thumb Code     2  i2c_controller.o(i._ZN13I2CControllerC1Ev)
    I2CController::I2CController__sub_object() 0x0800290b   Thumb Code     0  i2c_controller.o(i._ZN13I2CControllerC1Ev)
    I2CController::~I2CController()          0x0800290d   Thumb Code     2  i2c_controller.o(i._ZN13I2CControllerD1Ev)
    I2CController::~I2CController__sub_object() 0x0800290d   Thumb Code     0  i2c_controller.o(i._ZN13I2CControllerD1Ev)
    LCDController::SendString(const char*)   0x0800290f   Thumb Code    24  lcd_controller.o(i._ZN13LCDController10SendStringEPKc)
    LCDController::SendCommand(unsigned char) 0x08002927   Thumb Code    10  lcd_controller.o(i._ZN13LCDController11SendCommandEh)
    LCDController::SendInternal(unsigned char, unsigned char) 0x08002931   Thumb Code    62  lcd_controller.o(i._ZN13LCDController12SendInternalEhh)
    LCDController::Home()                    0x0800296f   Thumb Code    10  lcd_controller.o(i._ZN13LCDController4HomeEv)
    LCDController::Init(I2CController*, unsigned char) 0x08002979   Thumb Code    38  lcd_controller.o(i._ZN13LCDController4InitEP13I2CControllerh)
    LCDController::Clear()                   0x0800299f   Thumb Code    10  lcd_controller.o(i._ZN13LCDController5ClearEv)
    LCDController::SendData(unsigned char)   0x080029a9   Thumb Code    10  lcd_controller.o(i._ZN13LCDController8SendDataEh)
    LCDController::SetCursor(unsigned char, unsigned char) 0x080029b3   Thumb Code    18  lcd_controller.o(i._ZN13LCDController9SetCursorEhh)
    LCDController::LCDController()           0x080029c5   Thumb Code     2  lcd_controller.o(i._ZN13LCDControllerC1Ev)
    LCDController::LCDController__sub_object() 0x080029c5   Thumb Code     0  lcd_controller.o(i._ZN13LCDControllerC1Ev)
    LCDController::~LCDController()          0x080029c7   Thumb Code     2  lcd_controller.o(i._ZN13LCDControllerD1Ev)
    LCDController::~LCDController__sub_object() 0x080029c7   Thumb Code     0  lcd_controller.o(i._ZN13LCDControllerD1Ev)
    PIDController::Init(PID_InitTypeDef)     0x080029c9   Thumb Code    38  pid_controller.o(i._ZN13PIDController4InitE15PID_InitTypeDef)
    PIDController::PIDController()           0x080029ef   Thumb Code     2  pid_controller.o(i._ZN13PIDControllerC1Ev)
    PIDController::PIDController__sub_object() 0x080029ef   Thumb Code     0  pid_controller.o(i._ZN13PIDControllerC1Ev)
    PIDController::~PIDController()          0x080029f1   Thumb Code     2  pid_controller.o(i._ZN13PIDControllerD1Ev)
    PIDController::~PIDController__sub_object() 0x080029f1   Thumb Code     0  pid_controller.o(i._ZN13PIDControllerD1Ev)
    HeaterController::SetHeaterPercent(unsigned char) 0x080029f5   Thumb Code    74  heater_controller.o(i._ZN16HeaterController16SetHeaterPercentEh)
    HeaterController::Init(Heater_InitTypeDef) 0x08002a45   Thumb Code    36  heater_controller.o(i._ZN16HeaterController4InitE18Heater_InitTypeDef)
    HeaterController::InitTIM()              0x08002a69   Thumb Code   218  heater_controller.o(i._ZN16HeaterController7InitTIMEv)
    HeaterController::InitGPIO()             0x08002b51   Thumb Code    50  heater_controller.o(i._ZN16HeaterController8InitGPIOEv)
    HeaterController::HeaterController()     0x08002b83   Thumb Code     2  heater_controller.o(i._ZN16HeaterControllerC1Ev)
    HeaterController::HeaterController__sub_object() 0x08002b83   Thumb Code     0  heater_controller.o(i._ZN16HeaterControllerC1Ev)
    HeaterController::~HeaterController()    0x08002b85   Thumb Code     2  heater_controller.o(i._ZN16HeaterControllerD1Ev)
    HeaterController::~HeaterController__sub_object() 0x08002b85   Thumb Code     0  heater_controller.o(i._ZN16HeaterControllerD1Ev)
    HTS221::CheckDevice()                    0x08002ead   Thumb Code    54  hts221.o(i._ZN6HTS22111CheckDeviceEv)
    HTS221::SetupDevice()                    0x08002ee3   Thumb Code   534  hts221.o(i._ZN6HTS22111SetupDeviceEv)
    HTS221::Init(I2CController*)             0x080030f9   Thumb Code    20  hts221.o(i._ZN6HTS2214InitEP13I2CController)
    HTS221::Process()                        0x0800310d   Thumb Code   132  hts221.o(i._ZN6HTS2217ProcessEv)
    HTS221::CountHum()                       0x08003191   Thumb Code   212  hts221.o(i._ZN6HTS2218CountHumEv)
    HTS221::CountTemp()                      0x08003269   Thumb Code   118  hts221.o(i._ZN6HTS2219CountTempEv)
    HTS221::SetHeater(bool)                  0x080032df   Thumb Code    66  hts221.o(i._ZN6HTS2219SetHeaterEb)
    operator delete[] (void*)                0x08003321   Thumb Code     8  array_del.o(i._ZdaPv)
    operator delete (void*)                  0x08003329   Thumb Code     8  delete.o(i._ZdlPv)
    operator new[] (unsigned)                0x08003331   Thumb Code     8  array_new.o(i._Znaj)
    operator new(unsigned)                   0x08003339   Thumb Code    36  new.o(i._Znwj)
    __ARM_common_switch8                     0x08003361   Thumb Code    26  periph_use.o(i.__ARM_common_switch8)
    __kernel_poly                            0x0800337b   Thumb Code   172  poly.o(i.__kernel_poly)
    __mathlib_dbl_divzero                    0x08003429   Thumb Code    16  dunder.o(i.__mathlib_dbl_divzero)
    __mathlib_dbl_infnan                     0x0800343d   Thumb Code    10  dunder.o(i.__mathlib_dbl_infnan)
    __mathlib_dbl_invalid                    0x08003447   Thumb Code    16  dunder.o(i.__mathlib_dbl_invalid)
    log                                      0x080034c9   Thumb Code   790  log.o(i.log)
    main                                     0x0800381d   Thumb Code   462  source.o(i.main)
    __aeabi_cdcmpeq                          0x08003a25   Thumb Code     0  deqf.o(x$fpl$deqf)
    _dcmpeq                                  0x08003a25   Thumb Code    94  deqf.o(x$fpl$deqf)
    __aeabi_cdcmple                          0x08003a89   Thumb Code     0  dlef.o(x$fpl$dleqf)
    _dcmple                                  0x08003a89   Thumb Code    94  dlef.o(x$fpl$dleqf)
    __aeabi_cdrcmple                         0x08003aed   Thumb Code     0  drlef.o(x$fpl$drleqf)
    _drcmple                                 0x08003aed   Thumb Code   100  drlef.o(x$fpl$drleqf)
    __I$use$fp                               0x08003b54   Number         0  usenofp.o(x$fpl$usenofp)
    AHBPrescTable                            0x08003ba8   Data          16  system_stm32f0xx.o(.constdata)
    __mathlib_zero                           0x08003c78   Data           8  qnan.o(.constdata)
    Region$$Table$$Base                      0x08003c80   Number         0  anon$$obj.o(Region$$Table)
    Region$$Table$$Limit                     0x08003ca0   Number         0  anon$$obj.o(Region$$Table)
    SHT$$INIT_ARRAY$$Base                    0x08003ca0   Number         0  source.o(.init_array)
    SHT$$INIT_ARRAY$$Limit                   0x08003ca4   Number         0  init_aeabi.o(.init_array)
    update_pointer                           0x20000000   Data           1  source.o(.data)
    flags                                    0x20000001   Data           1  source.o(.data)
    timer                                    0x20000004   Data           4  source.o(.data)
    temp                                     0x20000008   Data           8  source.o(.data)
    last_temp                                0x20000010   Data           8  source.o(.data)
    need_temp                                0x20000018   Data           8  source.o(.data)
    lcd                                      0x20000020   Data           8  source.o(.data)
    calced_error                             0x20000028   Data           8  source.o(.data)
    mid_temp                                 0x20000030   Data           8  source.o(.data)
    SystemCoreClock                          0x20000038   Data           4  system_stm32f0xx.o(.data)
    string_up                                0x20000040   Data          16  source.o(.bss)
    string_down                              0x20000050   Data          16  source.o(.bss)
    heater                                   0x20000060   Data          24  source.o(.bss)
    i2c                                      0x20000078   Data          60  source.o(.bss)
    adc                                      0x200000b8   Data          48  source.o(.bss)
    pid                                      0x200000e8   Data          72  source.o(.bss)
    hts                                      0x20000130   Data          80  source.o(.bss)
    __libspace_start                         0x20000180   Data          96  libspace.o(.bss)
    __temporary_stack_top$libspace           0x200001e0   Data           0  libspace.o(.bss)



==============================================================================

Memory Map of the image

  Image Entry point : 0x080000b1

  Load Region LR_IROM1 (Base: 0x08000000, Size: 0x00003ce0, Max: 0x00004000, ABSOLUTE)

    Execution Region ER_IROM1 (Exec base: 0x08000000, Load base: 0x08000000, Size: 0x00003ca4, Max: 0x00004000, ABSOLUTE)

    Exec Addr    Load Addr    Size         Type   Attr      Idx    E Section Name        Object

    0x08000000   0x08000000   0x000000b0   Data   RO         1034    RESET               startup_stm32f030x6.o
    0x080000b0   0x080000b0   0x00000008   Code   RO         1639  * !!!main             c_p.l(__main.o)
    0x080000b8   0x080000b8   0x0000003c   Code   RO         2204    !!!scatter          c_p.l(__scatter.o)
    0x080000f4   0x080000f4   0x0000001a   Code   RO         2206    !!handler_copy      c_p.l(__scatter_copy.o)
    0x0800010e   0x0800010e   0x00000002   PAD
    0x08000110   0x08000110   0x0000001c   Code   RO         2208    !!handler_zi        c_p.l(__scatter_zi.o)
    0x0800012c   0x0800012c   0x00000002   Code   RO         2093    .ARM.Collect$$libinit$$00000000  c_p.l(libinit.o)
    0x0800012e   0x0800012e   0x00000000   Code   RO         1755    .ARM.Collect$$libinit$$00000002  c_p.l(libinit2.o)
    0x0800012e   0x0800012e   0x00000000   Code   RO         1757    .ARM.Collect$$libinit$$00000004  c_p.l(libinit2.o)
    0x0800012e   0x0800012e   0x00000008   Code   RO         1758    .ARM.Collect$$libinit$$00000005  c_p.l(libinit2.o)
    0x08000136   0x08000136   0x00000000   Code   RO         1760    .ARM.Collect$$libinit$$0000000A  c_p.l(libinit2.o)
    0x08000136   0x08000136   0x00000000   Code   RO         1762    .ARM.Collect$$libinit$$0000000C  c_p.l(libinit2.o)
    0x08000136   0x08000136   0x00000000   Code   RO         1764    .ARM.Collect$$libinit$$0000000E  c_p.l(libinit2.o)
    0x08000136   0x08000136   0x00000000   Code   RO         1767    .ARM.Collect$$libinit$$00000011  c_p.l(libinit2.o)
    0x08000136   0x08000136   0x00000000   Code   RO         1769    .ARM.Collect$$libinit$$00000013  c_p.l(libinit2.o)
    0x08000136   0x08000136   0x00000000   Code   RO         1771    .ARM.Collect$$libinit$$00000015  c_p.l(libinit2.o)
    0x08000136   0x08000136   0x00000000   Code   RO         1773    .ARM.Collect$$libinit$$00000017  c_p.l(libinit2.o)
    0x08000136   0x08000136   0x00000000   Code   RO         1775    .ARM.Collect$$libinit$$00000019  c_p.l(libinit2.o)
    0x08000136   0x08000136   0x00000000   Code   RO         1777    .ARM.Collect$$libinit$$0000001B  c_p.l(libinit2.o)
    0x08000136   0x08000136   0x00000000   Code   RO         1779    .ARM.Collect$$libinit$$0000001D  c_p.l(libinit2.o)
    0x08000136   0x08000136   0x00000000   Code   RO         1781    .ARM.Collect$$libinit$$0000001F  c_p.l(libinit2.o)
    0x08000136   0x08000136   0x00000000   Code   RO         1783    .ARM.Collect$$libinit$$00000021  c_p.l(libinit2.o)
    0x08000136   0x08000136   0x00000000   Code   RO         1785    .ARM.Collect$$libinit$$00000023  c_p.l(libinit2.o)
    0x08000136   0x08000136   0x00000000   Code   RO         1787    .ARM.Collect$$libinit$$00000025  c_p.l(libinit2.o)
    0x08000136   0x08000136   0x00000000   Code   RO         1791    .ARM.Collect$$libinit$$0000002C  c_p.l(libinit2.o)
    0x08000136   0x08000136   0x00000000   Code   RO         1793    .ARM.Collect$$libinit$$0000002E  c_p.l(libinit2.o)
    0x08000136   0x08000136   0x00000000   Code   RO         1795    .ARM.Collect$$libinit$$00000030  c_p.l(libinit2.o)
    0x08000136   0x08000136   0x00000004   Code   RO         1796    .ARM.Collect$$libinit$$00000031  c_p.l(libinit2.o)
    0x0800013a   0x0800013a   0x00000000   Code   RO         1797    .ARM.Collect$$libinit$$00000032  c_p.l(libinit2.o)
    0x0800013a   0x0800013a   0x00000002   Code   RO         1798    .ARM.Collect$$libinit$$00000033  c_p.l(libinit2.o)
    0x0800013c   0x0800013c   0x00000002   Code   RO         2189    .ARM.Collect$$libshutdown$$00000000  c_p.l(libshutdown.o)
    0x0800013e   0x0800013e   0x00000000   Code   RO         1910    .ARM.Collect$$libshutdown$$00000002  c_p.l(libshutdown2.o)
    0x0800013e   0x0800013e   0x00000006   Code   RO         1911    .ARM.Collect$$libshutdown$$00000003  c_p.l(libshutdown2.o)
    0x08000144   0x08000144   0x00000000   Code   RO         1912    .ARM.Collect$$libshutdown$$00000004  c_p.l(libshutdown2.o)
    0x08000144   0x08000144   0x00000000   Code   RO         1914    .ARM.Collect$$libshutdown$$00000006  c_p.l(libshutdown2.o)
    0x08000144   0x08000144   0x00000000   Code   RO         1917    .ARM.Collect$$libshutdown$$00000009  c_p.l(libshutdown2.o)
    0x08000144   0x08000144   0x00000000   Code   RO         1920    .ARM.Collect$$libshutdown$$0000000C  c_p.l(libshutdown2.o)
    0x08000144   0x08000144   0x00000000   Code   RO         1922    .ARM.Collect$$libshutdown$$0000000E  c_p.l(libshutdown2.o)
    0x08000144   0x08000144   0x00000000   Code   RO         1925    .ARM.Collect$$libshutdown$$00000011  c_p.l(libshutdown2.o)
    0x08000144   0x08000144   0x00000002   Code   RO         1926    .ARM.Collect$$libshutdown$$00000012  c_p.l(libshutdown2.o)
    0x08000146   0x08000146   0x00000000   Code   RO         1683    .ARM.Collect$$rtentry$$00000000  c_p.l(__rtentry.o)
    0x08000146   0x08000146   0x00000000   Code   RO         1848    .ARM.Collect$$rtentry$$00000002  c_p.l(__rtentry2.o)
    0x08000146   0x08000146   0x00000006   Code   RO         1860    .ARM.Collect$$rtentry$$00000004  c_p.l(__rtentry4.o)
    0x0800014c   0x0800014c   0x00000000   Code   RO         1850    .ARM.Collect$$rtentry$$00000009  c_p.l(__rtentry2.o)
    0x0800014c   0x0800014c   0x00000004   Code   RO         1851    .ARM.Collect$$rtentry$$0000000A  c_p.l(__rtentry2.o)
    0x08000150   0x08000150   0x00000000   Code   RO         1853    .ARM.Collect$$rtentry$$0000000C  c_p.l(__rtentry2.o)
    0x08000150   0x08000150   0x00000008   Code   RO         1854    .ARM.Collect$$rtentry$$0000000D  c_p.l(__rtentry2.o)
    0x08000158   0x08000158   0x00000002   Code   RO         2126    .ARM.Collect$$rtexit$$00000000  c_p.l(rtexit.o)
    0x0800015a   0x0800015a   0x00000000   Code   RO         2155    .ARM.Collect$$rtexit$$00000002  c_p.l(rtexit2.o)
    0x0800015a   0x0800015a   0x00000004   Code   RO         2156    .ARM.Collect$$rtexit$$00000003  c_p.l(rtexit2.o)
    0x0800015e   0x0800015e   0x00000006   Code   RO         2157    .ARM.Collect$$rtexit$$00000004  c_p.l(rtexit2.o)
    0x08000164   0x08000164   0x00000038   Code   RO         1629    .emb_text           c_p.l(rt_memcpy.o)
    0x0800019c   0x0800019c   0x00000000   Code   RO         2065    .emb_text           c_p.l(maybetermalloc1.o)
    0x0800019c   0x0800019c   0x00000038   Code   RO         1035    .text               startup_stm32f030x6.o
    0x080001d4   0x080001d4   0x0000002a   Code   RO         1626    .text               c_p.l(aeabi_atexit.o)
    0x080001fe   0x080001fe   0x0000015a   Code   RO         1633    .text               c_p.l(aeabi_sdiv.o)
    0x08000358   0x08000358   0x00000006   Code   RO         1637    .text               c_p.l(heapauxi.o)
    0x0800035e   0x0800035e   0x00000002   PAD
    0x08000360   0x08000360   0x00000024   Code   RO         1644    .text               c_p.l(init_aeabi.o)
    0x08000384   0x08000384   0x00000358   Code   RO         1654    .text               fz_ps.l(daddsub.o)
    0x080006dc   0x080006dc   0x00000448   Code   RO         1656    .text               fz_ps.l(ddiv.o)
    0x08000b24   0x08000b24   0x00000048   Code   RO         1661    .text               fz_ps.l(dfixui.o)
    0x08000b6c   0x08000b6c   0x00000058   Code   RO         1663    .text               fz_ps.l(dflti.o)
    0x08000bc4   0x08000bc4   0x00000248   Code   RO         1667    .text               fz_ps.l(dmul.o)
    0x08000e0c   0x08000e0c   0x00000060   Code   RO         1671    .text               fz_ps.l(dscalbn.o)
    0x08000e6c   0x08000e6c   0x00000008   Code   RO         1691    .text               c_p.l(rt_ddtor_pointer_addr_intlibspace.o)
    0x08000e74   0x08000e74   0x00000062   Code   RO         1695    .text               c_p.l(h1_alloc.o)
    0x08000ed6   0x08000ed6   0x00000016   Code   RO         1749    .text               c_p.l(_rserrno.o)
    0x08000eec   0x08000eec   0x00000042   Code   RO         1751    .text               c_p.l(cxa_finalize.o)
    0x08000f2e   0x08000f2e   0x00000002   PAD
    0x08000f30   0x08000f30   0x00000090   Code   RO         1822    .text               fz_ps.l(dcmpin.o)
    0x08000fc0   0x08000fc0   0x00000008   Code   RO         1842    .text               c_p.l(libspace.o)
    0x08000fc8   0x08000fc8   0x00000008   Code   RO         1867    .text               c_p.l(rt_heap_descriptor_intlibspace.o)
    0x08000fd0   0x08000fd0   0x00000008   Code   RO         1872    .text               c_p.l(rt_new_handler_addr_intlibspace.o)
    0x08000fd8   0x08000fd8   0x00000008   Code   RO         1877    .text               c_p.l(rt_errno_addr_intlibspace.o)
    0x08000fe0   0x08000fe0   0x00000004   Code   RO         1879    .text               c_p.l(hguard.o)
    0x08000fe4   0x08000fe4   0x00000088   Code   RO         1881    .text               c_p.l(init_alloc.o)
    0x0800106c   0x0800106c   0x0000000e   Code   RO         1887    .text               c_p.l(h1_init.o)
    0x0800107a   0x0800107a   0x0000004c   Code   RO         1889    .text               c_p.l(h1_free.o)
    0x080010c6   0x080010c6   0x00000008   Code   RO         1927    .text               cpprt_p.l(arm_newhandler_noexceptions.o)
    0x080010ce   0x080010ce   0x0000002e   Code   RO         2052    .text               fz_ps.l(cmpret.o)
    0x080010fc   0x080010fc   0x00000014   Code   RO         2054    .text               fz_ps.l(dnan2.o)
    0x08001110   0x08001110   0x0000003e   Code   RO         2060    .text               c_p.l(sys_stackheap_outer.o)
    0x0800114e   0x0800114e   0x00000034   Code   RO         2067    .text               c_p.l(h1_extend.o)
    0x08001182   0x08001182   0x00000010   Code   RO         2071    .text               c_p.l(exit.o)
    0x08001192   0x08001192   0x0000000c   Code   RO         2077    .text               c_p.l(defsig_rtmem_outer.o)
    0x0800119e   0x0800119e   0x0000001c   Code   RO         2110    .text               cpprt_p.l(arm_exceptions_terminate.o)
    0x080011ba   0x080011ba   0x0000005e   Code   RO         2120    .text               fz_ps.l(retnan.o)
    0x08001218   0x08001218   0x00000002   Code   RO         2122    .text               c_p.l(use_no_semi.o)
    0x0800121a   0x0800121a   0x00000000   Code   RO         2124    .text               c_p.l(indicate_semi.o)
    0x0800121a   0x0800121a   0x00000014   Code   RO         2132    .text               c_p.l(abort.o)
    0x0800122e   0x0800122e   0x0000000c   Code   RO         2136    .text               c_p.l(defsig_exit.o)
    0x0800123a   0x0800123a   0x00000002   PAD
    0x0800123c   0x0800123c   0x00000050   Code   RO         2140    .text               c_p.l(defsig_rtmem_inner.o)
    0x0800128c   0x0800128c   0x00000054   Code   RO         2149    .text               cpprt_p.l(arm_exceptions_globs.o)
    0x080012e0   0x080012e0   0x0000000c   Code   RO         2152    .text               c_p.l(sys_exit.o)
    0x080012ec   0x080012ec   0x00000008   Code   RO         2164    .text               c_p.l(rt_eh_globals_addr_intlibspace.o)
    0x080012f4   0x080012f4   0x00000034   Code   RO         2172    .text               c_p.l(defsig_general.o)
    0x08001328   0x08001328   0x0000000c   Code   RO         2174    .text               c_p.l(defsig_abrt_outer.o)
    0x08001334   0x08001334   0x00000042   Code   RO         2178    .text               cpprt_p.l(arm_exceptions_mem.o)
    0x08001376   0x08001376   0x0000000c   Code   RO         2181    .text               c_p.l(sys_wrch.o)
    0x08001382   0x08001382   0x00000002   PAD
    0x08001384   0x08001384   0x00000030   Code   RO         2183    .text               c_p.l(defsig_abrt_inner.o)
    0x080013b4   0x080013b4   0x0000002e   Code   RO          294    i.ClearTimCCFlag    periph_use.o
    0x080013e2   0x080013e2   0x00000038   Code   RO          298    i.EnableTimCCIRQn   periph_use.o
    0x0800141a   0x0800141a   0x00000002   PAD
    0x0800141c   0x0800141c   0x00000088   Code   RO          299    i.EnableTimIRQn     periph_use.o
    0x080014a4   0x080014a4   0x0000002a   Code   RO          302    i.GetTimCC          periph_use.o
    0x080014ce   0x080014ce   0x00000002   PAD
    0x080014d0   0x080014d0   0x0000002c   Code   RO         1079    i.LL_ADC_Init       stm32f0xx_ll_adc.o
    0x080014fc   0x080014fc   0x00000034   Code   RO         1080    i.LL_ADC_REG_Init   stm32f0xx_ll_adc.o
    0x08001530   0x08001530   0x0000005c   Code   RO         1140    i.LL_DMA_Init       stm32f0xx_ll_dma.o
    0x0800158c   0x0800158c   0x000000a8   Code   RO         1180    i.LL_GPIO_Init      stm32f0xx_ll_gpio.o
    0x08001634   0x08001634   0x0000006c   Code   RO         1233    i.LL_I2C_Init       stm32f0xx_ll_i2c.o
    0x080016a0   0x080016a0   0x00000020   Code   RO         1526    i.LL_Init1msTick    stm32f0xx_ll_utils.o
    0x080016c0   0x080016c0   0x0000000c   Code   RO         1529    i.LL_SetSystemCoreClock  stm32f0xx_ll_utils.o
    0x080016cc   0x080016cc   0x00000060   Code   RO         1370    i.LL_TIM_ENCODER_Init  stm32f0xx_ll_tim.o
    0x0800172c   0x0800172c   0x0000001c   Code   RO         1371    i.LL_TIM_ENCODER_StructInit  stm32f0xx_ll_tim.o
    0x08001748   0x08001748   0x00000078   Code   RO         1376    i.LL_TIM_Init       stm32f0xx_ll_tim.o
    0x080017c0   0x080017c0   0x00000040   Code   RO         1377    i.LL_TIM_OC_Init    stm32f0xx_ll_tim.o
    0x08001800   0x08001800   0x00000010   Code   RO         1379    i.LL_TIM_StructInit  stm32f0xx_ll_tim.o
    0x08001810   0x08001810   0x00000078   Code   RO            3    i.SysTick_Handler   source.o
    0x08001888   0x08001888   0x0000007c   Code   RO         1041    i.SystemCoreClockUpdate  system_stm32f0xx.o
    0x08001904   0x08001904   0x0000005c   Code   RO         1042    i.SystemInit        system_stm32f0xx.o
    0x08001960   0x08001960   0x0000001c   Code   RO            4    i.TIM14_IRQHandler  source.o
    0x0800197c   0x0800197c   0x0000003c   Code   RO            5    i.TIM16_IRQHandler  source.o
    0x080019b8   0x080019b8   0x0000001c   Code   RO            6    i.TIM17_IRQHandler  source.o
    0x080019d4   0x080019d4   0x00000028   Code   RO            7    i._Z10InitButtonv   source.o
    0x080019fc   0x080019fc   0x00000030   Code   RO            8    i._Z10InitHeaterv   source.o
    0x08001a2c   0x08001a2c   0x00000050   Code   RO            9    i._Z10InitPeriphv   source.o
    0x08001a7c   0x08001a7c   0x00000064   Code   RO           10    i._Z11InitEncoderv  source.o
    0x08001ae0   0x08001ae0   0x00000034   Code   RO           11    i._Z11InitRotatorv  source.o
    0x08001b14   0x08001b14   0x00000050   Code   RO           12    i._Z11InitSysTickv  source.o
    0x08001b64   0x08001b64   0x00000050   Code   RO           13    i._Z11InitUpdaterv  source.o
    0x08001bb4   0x08001bb4   0x00000054   Code   RO           14    i._Z14ProcessEncoderv  source.o
    0x08001c08   0x08001c08   0x000000a4   Code   RO           15    i._Z14SetLowerStringv  source.o
    0x08001cac   0x08001cac   0x000000c4   Code   RO           16    i._Z14SetUpperStringv  source.o
    0x08001d70   0x08001d70   0x00000034   Code   RO           17    i._Z6Redrawv        source.o
    0x08001da4   0x08001da4   0x00000050   Code   RO           18    i._Z7InitADCv       source.o
    0x08001df4   0x08001df4   0x00000014   Code   RO           19    i._Z7InitHTSv       source.o
    0x08001e08   0x08001e08   0x00000050   Code   RO           20    i._Z7InitI2Cv       source.o
    0x08001e58   0x08001e58   0x0000004c   Code   RO           21    i._Z7InitPIDv       source.o
    0x08001ea4   0x08001ea4   0x0000008c   Code   RO           22    i._Z7InitRCCv       source.o
    0x08001f30   0x08001f30   0x00000016   Code   RO           23    i._Z7printerPcPKchh  source.o
    0x08001f46   0x08001f46   0x0000004e   Code   RO          792    i._ZN13ADCController10InitMemoryEv  adc_controller.o
    0x08001f94   0x08001f94   0x000001e8   Code   RO          793    i._ZN13ADCController10ProcessAllEv  adc_controller.o
    0x0800217c   0x0800217c   0x00000030   Code   RO          794    i._ZN13ADCController10getMeasureEj  adc_controller.o
    0x080021ac   0x080021ac   0x0000003a   Code   RO          796    i._ZN13ADCController12SwapChannelsEhh  adc_controller.o
    0x080021e6   0x080021e6   0x00000002   PAD
    0x080021e8   0x080021e8   0x0000003c   Code   RO          800    i._ZN13ADCController4InitEh  adc_controller.o
    0x08002224   0x08002224   0x00000078   Code   RO          801    i._ZN13ADCController7AddLineE10ADC_Struct  adc_controller.o
    0x0800229c   0x0800229c   0x00000064   Code   RO          802    i._ZN13ADCController7InitDMAEv  adc_controller.o
    0x08002300   0x08002300   0x00000042   Code   RO          804    i._ZN13ADCController8InitGPIOEv  adc_controller.o
    0x08002342   0x08002342   0x00000002   PAD
    0x08002344   0x08002344   0x000000a4   Code   RO          805    i._ZN13ADCController9InitLinesEv  adc_controller.o
    0x080023e8   0x080023e8   0x0000008c   Code   RO          806    i._ZN13ADCController9SortLinesEv  adc_controller.o
    0x08002474   0x08002474   0x00000034   Code   RO          807    i._ZN13ADCControllerC1Ev  adc_controller.o
    0x080024a8   0x080024a8   0x00000002   Code   RO          808    i._ZN13ADCControllerD1Ev  adc_controller.o
    0x080024aa   0x080024aa   0x0000001e   Code   RO          509    i._ZN13I2CController10SetTimeoutEv  i2c_controller.o
    0x080024c8   0x080024c8   0x000000ec   Code   RO          510    i._ZN13I2CController10WriteBytesEhPhh  i2c_controller.o
    0x080025b4   0x080025b4   0x00000120   Code   RO          511    i._ZN13I2CController12ReadRegisterEhhh  i2c_controller.o
    0x080026d4   0x080026d4   0x000000d6   Code   RO          512    i._ZN13I2CController13WriteRegisterEhhPhh  i2c_controller.o
    0x080027aa   0x080027aa   0x00000006   Code   RO          514    i._ZN13I2CController14TimeoutHandlerEv  i2c_controller.o
    0x080027b0   0x080027b0   0x00000032   Code   RO          516    i._ZN13I2CController4InitE21I2CController_TypeDef  i2c_controller.o
    0x080027e2   0x080027e2   0x00000028   Code   RO          517    i._ZN13I2CController5AwaitEh  i2c_controller.o
    0x0800280a   0x0800280a   0x00000002   Code   RO          518    i._ZN13I2CController7InitDMAEv  i2c_controller.o
    0x0800280c   0x0800280c   0x00000054   Code   RO          519    i._ZN13I2CController7InitI2CEv  i2c_controller.o
    0x08002860   0x08002860   0x00000054   Code   RO          520    i._ZN13I2CController7InitTIMEv  i2c_controller.o
    0x080028b4   0x080028b4   0x00000036   Code   RO          521    i._ZN13I2CController8InitGPIOEv  i2c_controller.o
    0x080028ea   0x080028ea   0x00000020   Code   RO          523    i._ZN13I2CController9SoftResetEv  i2c_controller.o
    0x0800290a   0x0800290a   0x00000002   Code   RO          524    i._ZN13I2CControllerC1Ev  i2c_controller.o
    0x0800290c   0x0800290c   0x00000002   Code   RO          525    i._ZN13I2CControllerD1Ev  i2c_controller.o
    0x0800290e   0x0800290e   0x00000018   Code   RO          712    i._ZN13LCDController10SendStringEPKc  lcd_controller.o
    0x08002926   0x08002926   0x0000000a   Code   RO          713    i._ZN13LCDController11SendCommandEh  lcd_controller.o
    0x08002930   0x08002930   0x0000003e   Code   RO          714    i._ZN13LCDController12SendInternalEhh  lcd_controller.o
    0x0800296e   0x0800296e   0x0000000a   Code   RO          715    i._ZN13LCDController4HomeEv  lcd_controller.o
    0x08002978   0x08002978   0x00000026   Code   RO          716    i._ZN13LCDController4InitEP13I2CControllerh  lcd_controller.o
    0x0800299e   0x0800299e   0x0000000a   Code   RO          717    i._ZN13LCDController5ClearEv  lcd_controller.o
    0x080029a8   0x080029a8   0x0000000a   Code   RO          718    i._ZN13LCDController8SendDataEh  lcd_controller.o
    0x080029b2   0x080029b2   0x00000012   Code   RO          719    i._ZN13LCDController9SetCursorEhh  lcd_controller.o
    0x080029c4   0x080029c4   0x00000002   Code   RO          720    i._ZN13LCDControllerC1Ev  lcd_controller.o
    0x080029c6   0x080029c6   0x00000002   Code   RO          721    i._ZN13LCDControllerD1Ev  lcd_controller.o
    0x080029c8   0x080029c8   0x00000026   Code   RO          920    i._ZN13PIDController4InitE15PID_InitTypeDef  pid_controller.o
    0x080029ee   0x080029ee   0x00000002   Code   RO          921    i._ZN13PIDControllerC1Ev  pid_controller.o
    0x080029f0   0x080029f0   0x00000002   Code   RO          922    i._ZN13PIDControllerD1Ev  pid_controller.o
    0x080029f2   0x080029f2   0x00000002   PAD
    0x080029f4   0x080029f4   0x00000050   Code   RO          448    i._ZN16HeaterController16SetHeaterPercentEh  heater_controller.o
    0x08002a44   0x08002a44   0x00000024   Code   RO          449    i._ZN16HeaterController4InitE18Heater_InitTypeDef  heater_controller.o
    0x08002a68   0x08002a68   0x000000e8   Code   RO          450    i._ZN16HeaterController7InitTIMEv  heater_controller.o
    0x08002b50   0x08002b50   0x00000032   Code   RO          451    i._ZN16HeaterController8InitGPIOEv  heater_controller.o
    0x08002b82   0x08002b82   0x00000002   Code   RO          452    i._ZN16HeaterControllerC1Ev  heater_controller.o
    0x08002b84   0x08002b84   0x00000002   Code   RO          453    i._ZN16HeaterControllerD1Ev  heater_controller.o
    0x08002b86   0x08002b86   0x00000002   PAD
    0x08002b88   0x08002b88   0x00000014   Code   RO           24    i._ZN30_INTERNAL_10_Source_cpp_heater22LL_RCC_SetSysClkSourceEj  source.o
    0x08002b9c   0x08002b9c   0x0000001c   Code   RO           25    i._ZN30_INTERNAL_10_Source_cpp_heater23LL_SYSTICK_SetClkSourceEj  source.o
    0x08002bb8   0x08002bb8   0x00000018   Code   RO          303    i._ZN34_INTERNAL_12_periph_use_c_bc31dc3316__NVIC_EnableIRQE9IRQn_Type  periph_use.o
    0x08002bd0   0x08002bd0   0x00000044   Code   RO          305    i._ZN34_INTERNAL_12_periph_use_c_bc31dc3318__NVIC_SetPriorityE9IRQn_Typej  periph_use.o
    0x08002c14   0x08002c14   0x0000000c   Code   RO          526    i._ZN40_INTERNAL_18_i2c_controller_cpp_cd0ce90819LL_I2C_SetSlaveAddrEP11I2C_TypeDefj  i2c_controller.o
    0x08002c20   0x08002c20   0x0000000a   Code   RO          527    i._ZN40_INTERNAL_18_i2c_controller_cpp_cd0ce90821LL_I2C_ClearFlag_NACKEP11I2C_TypeDef  i2c_controller.o
    0x08002c2a   0x08002c2a   0x0000000a   Code   RO          528    i._ZN40_INTERNAL_18_i2c_controller_cpp_cd0ce90821LL_I2C_ClearFlag_STOPEP11I2C_TypeDef  i2c_controller.o
    0x08002c34   0x08002c34   0x00000010   Code   RO          529    i._ZN40_INTERNAL_18_i2c_controller_cpp_cd0ce90822LL_I2C_SetTransferSizeEP11I2C_TypeDefj  i2c_controller.o
    0x08002c44   0x08002c44   0x00000008   Code   RO          530    i._ZN40_INTERNAL_18_i2c_controller_cpp_cd0ce90823LL_I2C_IsActiveFlag_TXEEP11I2C_TypeDef  i2c_controller.o
    0x08002c4c   0x08002c4c   0x00000008   Code   RO          531    i._ZN40_INTERNAL_18_i2c_controller_cpp_cd0ce90824LL_I2C_IsActiveFlag_BUSYEP11I2C_TypeDef  i2c_controller.o
    0x08002c54   0x08002c54   0x00000008   Code   RO          532    i._ZN40_INTERNAL_18_i2c_controller_cpp_cd0ce90824LL_I2C_IsActiveFlag_NACKEP11I2C_TypeDef  i2c_controller.o
    0x08002c5c   0x08002c5c   0x00000008   Code   RO          533    i._ZN40_INTERNAL_18_i2c_controller_cpp_cd0ce90824LL_I2C_IsActiveFlag_STOPEP11I2C_TypeDef  i2c_controller.o
    0x08002c64   0x08002c64   0x00000008   Code   RO          534    i._ZN40_INTERNAL_18_i2c_controller_cpp_cd0ce90824LL_I2C_IsActiveFlag_TXISEP11I2C_TypeDef  i2c_controller.o
    0x08002c6c   0x08002c6c   0x0000000e   Code   RO          535    i._ZN40_INTERNAL_18_i2c_controller_cpp_cd0ce90825LL_I2C_SetTransferRequestEP11I2C_TypeDefj  i2c_controller.o
    0x08002c7a   0x08002c7a   0x0000000e   Code   RO          536    i._ZN40_INTERNAL_18_i2c_controller_cpp_cd0ce90826LL_I2C_AcknowledgeNextDataEP11I2C_TypeDefj  i2c_controller.o
    0x08002c88   0x08002c88   0x0000000c   Code   RO          537    i._ZN40_INTERNAL_18_i2c_controller_cpp_cd0ce90828LL_I2C_GenerateStopConditionEP11I2C_TypeDef  i2c_controller.o
    0x08002c94   0x08002c94   0x0000000c   Code   RO          538    i._ZN40_INTERNAL_18_i2c_controller_cpp_cd0ce90829LL_I2C_GenerateStartConditionEP11I2C_TypeDef  i2c_controller.o
    0x08002ca0   0x08002ca0   0x00000084   Code   RO         1384    i._ZN40_INTERNAL_18_stm32f0xx_ll_tim_c_d1be445c9OC1ConfigEP11TIM_TypeDefP21LL_TIM_OC_InitTypeDef  stm32f0xx_ll_tim.o
    0x08002d24   0x08002d24   0x0000008c   Code   RO         1385    i._ZN40_INTERNAL_18_stm32f0xx_ll_tim_c_d1be445c9OC2ConfigEP11TIM_TypeDefP21LL_TIM_OC_InitTypeDef  stm32f0xx_ll_tim.o
    0x08002db0   0x08002db0   0x0000008c   Code   RO         1386    i._ZN40_INTERNAL_18_stm32f0xx_ll_tim_c_d1be445c9OC3ConfigEP11TIM_TypeDefP21LL_TIM_OC_InitTypeDef  stm32f0xx_ll_tim.o
    0x08002e3c   0x08002e3c   0x00000070   Code   RO         1387    i._ZN40_INTERNAL_18_stm32f0xx_ll_tim_c_d1be445c9OC4ConfigEP11TIM_TypeDefP21LL_TIM_OC_InitTypeDef  stm32f0xx_ll_tim.o
    0x08002eac   0x08002eac   0x00000036   Code   RO          957    i._ZN6HTS22111CheckDeviceEv  hts221.o
    0x08002ee2   0x08002ee2   0x00000216   Code   RO          958    i._ZN6HTS22111SetupDeviceEv  hts221.o
    0x080030f8   0x080030f8   0x00000014   Code   RO          959    i._ZN6HTS2214InitEP13I2CController  hts221.o
    0x0800310c   0x0800310c   0x00000084   Code   RO          960    i._ZN6HTS2217ProcessEv  hts221.o
    0x08003190   0x08003190   0x000000d8   Code   RO          961    i._ZN6HTS2218CountHumEv  hts221.o
    0x08003268   0x08003268   0x00000076   Code   RO          962    i._ZN6HTS2219CountTempEv  hts221.o
    0x080032de   0x080032de   0x00000042   Code   RO          963    i._ZN6HTS2219SetHeaterEb  hts221.o
    0x08003320   0x08003320   0x00000008   Code   RO         1647    i._ZdaPv            cpprt_p.l(array_del.o)
    0x08003328   0x08003328   0x00000008   Code   RO         1799    i._ZdlPv            cpprt_p.l(delete.o)
    0x08003330   0x08003330   0x00000008   Code   RO         1650    i._Znaj             cpprt_p.l(array_new.o)
    0x08003338   0x08003338   0x00000028   Code   RO         1802    i._Znwj             cpprt_p.l(new.o)
    0x08003360   0x08003360   0x0000001a   Code   RO          384    i.__ARM_common_switch8  periph_use.o
    0x0800337a   0x0800337a   0x000000ac   Code   RO         1839    i.__kernel_poly     m_ps.l(poly.o)
    0x08003426   0x08003426   0x00000002   PAD
    0x08003428   0x08003428   0x00000014   Code   RO         1825    i.__mathlib_dbl_divzero  m_ps.l(dunder.o)
    0x0800343c   0x0800343c   0x0000000a   Code   RO         1826    i.__mathlib_dbl_infnan  m_ps.l(dunder.o)
    0x08003446   0x08003446   0x00000010   Code   RO         1828    i.__mathlib_dbl_invalid  m_ps.l(dunder.o)
    0x08003456   0x08003456   0x00000002   PAD
    0x08003458   0x08003458   0x00000070   Code   RO           26    i.__sti___10_Source_cpp_heater  source.o
    0x080034c8   0x080034c8   0x00000354   Code   RO         1674    i.log               m_ps.l(log.o)
    0x0800381c   0x0800381c   0x00000208   Code   RO           27    i.main              source.o
    0x08003a24   0x08003a24   0x00000064   Code   RO         1659    x$fpl$deqf          fz_ps.l(deqf.o)
    0x08003a88   0x08003a88   0x00000064   Code   RO         1665    x$fpl$dleqf         fz_ps.l(dlef.o)
    0x08003aec   0x08003aec   0x00000068   Code   RO         1669    x$fpl$drleqf        fz_ps.l(drlef.o)
    0x08003b54   0x08003b54   0x00000000   Code   RO         1824    x$fpl$usenofp       fz_ps.l(usenofp.o)
    0x08003b54   0x08003b54   0x0000000c   Data   RO           54    .constdata          source.o
    0x08003b60   0x08003b60   0x0000000e   Data   RO          460    .constdata          heater_controller.o
    0x08003b6e   0x08003b6e   0x00000002   PAD
    0x08003b70   0x08003b70   0x00000038   Data   RO          826    .constdata          adc_controller.o
    0x08003ba8   0x08003ba8   0x00000010   Data   RO         1045    .constdata          system_stm32f0xx.o
    0x08003bb8   0x08003bb8   0x00000005   Data   RO         1145    .constdata          stm32f0xx_ll_dma.o
    0x08003bbd   0x08003bbd   0x00000080   Data   RO         1657    .constdata          fz_ps.l(ddiv.o)
    0x08003c3d   0x08003c3d   0x00000003   PAD
    0x08003c40   0x08003c40   0x00000038   Data   RO         1675    .constdata          m_ps.l(log.o)
    0x08003c78   0x08003c78   0x00000008   Data   RO         1841    .constdata          m_ps.l(qnan.o)
    0x08003c80   0x08003c80   0x00000020   Data   RO         2202    Region$$Table       anon$$obj.o
    0x08003ca0   0x08003ca0   0x00000004   Data   RO           59    .init_array         source.o
    0x08003ca4   0x08003ca0   0x00000000   Data   RO         1642    .init_array         c_p.l(init_aeabi.o)


    Execution Region RW_IRAM1 (Exec base: 0x20000000, Load base: 0x08003ca4, Size: 0x000007e0, Max: 0x00001000, ABSOLUTE)

    Exec Addr    Load Addr    Size         Type   Attr      Idx    E Section Name        Object

    0x20000000   0x08003ca4   0x00000038   Data   RW           55    .data               source.o
    0x20000038   0x08003cdc   0x00000004   Data   RW         1047    .data               system_stm32f0xx.o
    0x2000003c   0x08003ce0   0x00000004   PAD
    0x20000040        -       0x00000140   Zero   RW           53    .bss                source.o
    0x20000180        -       0x00000060   Zero   RW         1843    .bss                c_p.l(libspace.o)
    0x200001e0        -       0x00000200   Zero   RW         1033    HEAP                startup_stm32f030x6.o
    0x200003e0        -       0x00000400   Zero   RW         1032    STACK               startup_stm32f030x6.o


==============================================================================

Image component sizes


      Code (inc. data)   RO Data    RW Data    ZI Data      Debug   Object Name

      1376        102         56          0          0      41484   adc_controller.o
       402         20         14          0          0      29740   heater_controller.o
      1140          4          0          0          0       4700   hts221.o
      1264         10          0          0          0      55120   i2c_controller.o
       186          0          0          0          0       5424   lcd_controller.o
       398         36          0          0          0     213186   periph_use.o
        42          0          0          0          0       1324   pid_controller.o
      2310        368         16         56        320     256917   source.o
        56         26        176          0       1536        644   startup_stm32f030x6.o
        96          8          0          0          0      26960   stm32f0xx_ll_adc.o
        92          8          5          0          0      12886   stm32f0xx_ll_dma.o
       168          0          0          0          0       7171   stm32f0xx_ll_gpio.o
       108          0          0          0          0      14794   stm32f0xx_ll_i2c.o
       848         74          0          0          0      37445   stm32f0xx_ll_tim.o
        44         12          0          0          0       2357   stm32f0xx_ll_utils.o
       216         34         16          4          0       2247   system_stm32f0xx.o

    ----------------------------------------------------------------------
      8758        702        317         60       1860     712399   Object Totals
         0          0         32          0          0          0   (incl. Generated)
        12          0          2          0          4          0   (incl. Padding)

    ----------------------------------------------------------------------

      Code (inc. data)   RO Data    RW Data    ZI Data      Debug   Library Member Name

         8          0          0          0          0         68   __main.o
         0          0          0          0          0          0   __rtentry.o
        12          0          0          0          0          0   __rtentry2.o
         6          0          0          0          0          0   __rtentry4.o
        60          8          0          0          0          0   __scatter.o
        26          0          0          0          0          0   __scatter_copy.o
        28          0          0          0          0          0   __scatter_zi.o
        22          0          0          0          0         92   _rserrno.o
        20          0          0          0          0         68   abort.o
        42          0          0          0          0         76   aeabi_atexit.o
       346          0          0          0          0         92   aeabi_sdiv.o
        66          0          0          0          0         76   cxa_finalize.o
        48         34          0          0          0         68   defsig_abrt_inner.o
        12          0          0          0          0         68   defsig_abrt_outer.o
        12          0          0          0          0         68   defsig_exit.o
        52          0          0          0          0         72   defsig_general.o
        80         58          0          0          0         68   defsig_rtmem_inner.o
        12          0          0          0          0         68   defsig_rtmem_outer.o
        16          0          0          0          0         68   exit.o
        98          0          0          0          0         72   h1_alloc.o
        52          0          0          0          0         68   h1_extend.o
        76          0          0          0          0         72   h1_free.o
        14          0          0          0          0         76   h1_init.o
         6          0          0          0          0        136   heapauxi.o
         4          0          0          0          0        120   hguard.o
         0          0          0          0          0          0   indicate_semi.o
        36         10          0          0          0         72   init_aeabi.o
       136          0          0          0          0        160   init_alloc.o
         2          0          0          0          0          0   libinit.o
        14          0          0          0          0          0   libinit2.o
         2          0          0          0          0          0   libshutdown.o
         8          0          0          0          0          0   libshutdown2.o
         8          4          0          0         96         68   libspace.o
         0          0          0          0          0          0   maybetermalloc1.o
         8          4          0          0          0         68   rt_ddtor_pointer_addr_intlibspace.o
         8          4          0          0          0         68   rt_eh_globals_addr_intlibspace.o
         8          4          0          0          0         68   rt_errno_addr_intlibspace.o
         8          4          0          0          0         68   rt_heap_descriptor_intlibspace.o
        56          0          0          0          0         68   rt_memcpy.o
         8          4          0          0          0         68   rt_new_handler_addr_intlibspace.o
         2          0          0          0          0          0   rtexit.o
        10          0          0          0          0          0   rtexit2.o
        12          4          0          0          0         60   sys_exit.o
        62          0          0          0          0         80   sys_stackheap_outer.o
        12          0          0          0          0         68   sys_wrch.o
         2          0          0          0          0         68   use_no_semi.o
        84         12          0          0          0         96   arm_exceptions_globs.o
        66          0          0          0          0        100   arm_exceptions_mem.o
        28          0          0          0          0         68   arm_exceptions_terminate.o
         8          0          0          0          0         68   arm_newhandler_noexceptions.o
         8          0          0          0          0         68   array_del.o
         8          0          0          0          0         68   array_new.o
         8          0          0          0          0         68   delete.o
        40          4          0          0          0         68   new.o
        46          0          0          0          0         60   cmpret.o
       856         20          0          0          0        208   daddsub.o
       144          4          0          0          0         76   dcmpin.o
      1096         26        128          0          0        112   ddiv.o
       100          4          0          0          0         92   deqf.o
        72          4          0          0          0         68   dfixui.o
        88          0          0          0          0         92   dflti.o
       100          4          0          0          0         92   dlef.o
       584         26          0          0          0         84   dmul.o
        20          6          0          0          0         68   dnan2.o
       104          4          0          0          0        104   drlef.o
        96         12          0          0          0         72   dscalbn.o
        94          0          0          0          0         68   retnan.o
         0          0          0          0          0          0   usenofp.o
        46          4          0          0          0        204   dunder.o
       852         62         56          0          0        136   log.o
       172          0          0          0          0         76   poly.o
         0          0          8          0          0          0   qnan.o

    ----------------------------------------------------------------------
      6254        330        195          0         96       4696   Library Totals
        14          0          3          0          0          0   (incl. Padding)

    ----------------------------------------------------------------------

      Code (inc. data)   RO Data    RW Data    ZI Data      Debug   Library Name

      1520        138          0          0         96       2480   c_p.l
       250         16          0          0          0        604   cpprt_p.l
      3400        110        128          0          0       1196   fz_ps.l
      1070         66         64          0          0        416   m_ps.l

    ----------------------------------------------------------------------
      6254        330        195          0         96       4696   Library Totals

    ----------------------------------------------------------------------

==============================================================================


      Code (inc. data)   RO Data    RW Data    ZI Data      Debug   

     15012       1032        512         60       1956     709707   Grand Totals
     15012       1032        512         60       1956     709707   ELF Image Totals
     15012       1032        512         60          0          0   ROM Totals

==============================================================================

    Total RO  Size (Code + RO Data)                15524 (  15.16kB)
    Total RW  Size (RW Data + ZI Data)              2016 (   1.97kB)
    Total ROM Size (Code + RO Data + RW Data)      15584 (  15.22kB)

==============================================================================

